#-----------------------------------------------------------
# Vivado v2021.1 (64-bit)
# SW Build 3247384 on Thu Jun 10 19:36:33 MDT 2021
# IP Build 3246043 on Fri Jun 11 00:30:35 MDT 2021
# Start of session at: Wed Mar 19 12:14:53 2025
# Process ID: 30340
# Current directory: C:/2025exp_accelerator/3_2_50hz_week
# Command line: vivado.exe -gui_launcher_event rodinguilauncherevent33232 C:\2025exp_accelerator\3_2_50hz_week\3_2_50hz_week.xpr
# Log file: C:/2025exp_accelerator/3_2_50hz_week/vivado.log
# Journal file: C:/2025exp_accelerator/3_2_50hz_week\vivado.jou
#-----------------------------------------------------------
start_gui
open_project C:/2025exp_accelerator/3_2_50hz_week/3_2_50hz_week.xpr
WARNING: [filemgmt 56-3] Default IP Output Path : Could not find the directory 'C:/2025exp_accelerator/3_2_50hz_week/3_2_50hz_week.gen/sources_1'.
Scanning sources...
Finished scanning sources
INFO: [IP_Flow 19-234] Refreshing IP repositories
INFO: [IP_Flow 19-1704] No user IP repositories specified
INFO: [IP_Flow 19-2313] Loaded Vivado IP repository 'C:/Xilinx/Vivado/2021.1/data/ip'.
open_project: Time (s): cpu = 00:00:14 ; elapsed = 00:00:07 . Memory (MB): peak = 1101.594 ; gain = 0.000
update_compile_order -fileset sources_1
launch_simulation
Command: launch_simulation 
INFO: [Vivado 12-12493] Simulation top is 'tb_fsm_counter_top'
INFO: [Vivado 12-5682] Launching behavioral simulation in 'C:/2025exp_accelerator/3_2_50hz_week/3_2_50hz_week.sim/sim_1/behav/xsim'
INFO: [SIM-utils-51] Simulation object is 'sim_1'
INFO: [SIM-utils-72] Using boost library from 'C:/Xilinx/Vivado/2021.1/tps/boost_1_72_0'
INFO: [SIM-utils-54] Inspecting design source files for 'tb_fsm_counter_top' in fileset 'sim_1'...
INFO: [USF-XSim-97] Finding global include files...
INFO: [USF-XSim-98] Fetching design files from 'sim_1'...
INFO: [USF-XSim-2] XSim::Compile design
INFO: [USF-XSim-61] Executing 'COMPILE and ANALYZE' step in 'C:/2025exp_accelerator/3_2_50hz_week/3_2_50hz_week.sim/sim_1/behav/xsim'
"xvlog --incr --relax -prj tb_fsm_counter_top_vlog.prj"
INFO: [VRFC 10-2263] Analyzing Verilog file "C:/2025exp_accelerator/3_2_50hz_week/3_2_50hz_week.srcs/sources_1/new/clk_divider.v" into library xil_defaultlib
INFO: [VRFC 10-311] analyzing module clk_divider
INFO: [VRFC 10-2263] Analyzing Verilog file "C:/2025exp_accelerator/3_2_50hz_week/3_2_50hz_week.srcs/sources_1/new/fsm_counter_top.v" into library xil_defaultlib
INFO: [VRFC 10-311] analyzing module fsm_counter_top
INFO: [VRFC 10-2263] Analyzing Verilog file "C:/2025exp_accelerator/3_2_50hz_week/3_2_50hz_week.srcs/sources_1/new/fsm_ctrl.v" into library xil_defaultlib
INFO: [VRFC 10-311] analyzing module fsm_ctrl
INFO: [VRFC 10-2263] Analyzing Verilog file "C:/2025exp_accelerator/3_2_50hz_week/3_2_50hz_week.srcs/sources_1/new/ssd_ctrl.v" into library xil_defaultlib
INFO: [VRFC 10-311] analyzing module ssd_ctrl
INFO: [VRFC 10-2263] Analyzing Verilog file "C:/2025exp_accelerator/3_2_50hz_week/3_2_50hz_week.srcs/sim_1/new/tb_fsm_counter_top.v" into library xil_defaultlib
INFO: [VRFC 10-311] analyzing module tb_fsm_counter_top
INFO: [USF-XSim-69] 'compile' step finished in '2' seconds
INFO: [USF-XSim-3] XSim::Elaborate design
INFO: [USF-XSim-61] Executing 'ELABORATE' step in 'C:/2025exp_accelerator/3_2_50hz_week/3_2_50hz_week.sim/sim_1/behav/xsim'
"xelab -wto 01302d6b33954e47a4c3864ed53ef676 --incr --debug typical --relax --mt 2 -L xil_defaultlib -L unisims_ver -L unimacro_ver -L secureip --snapshot tb_fsm_counter_top_behav xil_defaultlib.tb_fsm_counter_top xil_defaultlib.glbl -log elaborate.log"
Vivado Simulator v2021.1
Copyright 1986-1999, 2001-2021 Xilinx, Inc. All Rights Reserved.
Running: C:/Xilinx/Vivado/2021.1/bin/unwrapped/win64.o/xelab.exe -wto 01302d6b33954e47a4c3864ed53ef676 --incr --debug typical --relax --mt 2 -L xil_defaultlib -L unisims_ver -L unimacro_ver -L secureip --snapshot tb_fsm_counter_top_behav xil_defaultlib.tb_fsm_counter_top xil_defaultlib.glbl -log elaborate.log 
Using 2 slave threads.
Starting static elaboration
Pass Through NonSizing Optimizer
Completed static elaboration
Starting simulation data flow analysis
Completed simulation data flow analysis
Time Resolution for simulation is 1ps
Compiling module xil_defaultlib.clk_divider
Compiling module xil_defaultlib.fsm_ctrl
Compiling module xil_defaultlib.ssd_ctrl
Compiling module xil_defaultlib.fsm_counter_top
Compiling module xil_defaultlib.tb_fsm_counter_top
Compiling module xil_defaultlib.glbl
Built simulation snapshot tb_fsm_counter_top_behav
INFO: [USF-XSim-69] 'elaborate' step finished in '2' seconds
INFO: [USF-XSim-4] XSim::Simulate design
INFO: [USF-XSim-61] Executing 'SIMULATE' step in 'C:/2025exp_accelerator/3_2_50hz_week/3_2_50hz_week.sim/sim_1/behav/xsim'
INFO: [USF-XSim-98] *** Running xsim
   with args "tb_fsm_counter_top_behav -key {Behavioral:sim_1:Functional:tb_fsm_counter_top} -tclbatch {tb_fsm_counter_top.tcl} -log {simulate.log}"
INFO: [USF-XSim-8] Loading simulator feature
Time resolution is 1 ps
source tb_fsm_counter_top.tcl
# set curr_wave [current_wave_config]
# if { [string length $curr_wave] == 0 } {
#   if { [llength [get_objects]] > 0} {
#     add_wave /
#     set_property needs_save false [current_wave_config]
#   } else {
#      send_msg_id Add_Wave-1 WARNING "No top level signals found. Simulator will start without a wave window. If you want to open a wave window go to 'File->New Waveform Configuration' or type 'create_wave_config' in the TCL console."
#   }
# }
# run 5000ns
INFO: [USF-XSim-96] XSim completed. Design snapshot 'tb_fsm_counter_top_behav' loaded.
INFO: [USF-XSim-97] XSim simulation ran for 5000ns
launch_simulation: Time (s): cpu = 00:00:07 ; elapsed = 00:00:07 . Memory (MB): peak = 1101.594 ; gain = 0.000
close [ open C:/2025exp_accelerator/3_2_50hz_week/3_2_50hz_week.srcs/sources_1/new/debouncer.v w ]
add_files C:/2025exp_accelerator/3_2_50hz_week/3_2_50hz_week.srcs/sources_1/new/debouncer.v
update_compile_order -fileset sources_1
close_sim
INFO: [Simtcl 6-16] Simulation closed
exit
INFO: [Common 17-206] Exiting Vivado at Wed Mar 19 13:04:15 2025...
