#-----------------------------------------------------------
# Vivado v2021.1 (64-bit)
# SW Build 3247384 on Thu Jun 10 19:36:33 MDT 2021
# IP Build 3246043 on Fri Jun 11 00:30:35 MDT 2021
# Start of session at: Thu Mar 20 18:58:35 2025
# Process ID: 20916
# Current directory: C:/2025exp_accelerator/3_2_50hz_debouncer
# Command line: vivado.exe -gui_launcher_event rodinguilauncherevent5404 C:\2025exp_accelerator\3_2_50hz_debouncer\3_2_50hz_debouncer.xpr
# Log file: C:/2025exp_accelerator/3_2_50hz_debouncer/vivado.log
# Journal file: C:/2025exp_accelerator/3_2_50hz_debouncer\vivado.jou
#-----------------------------------------------------------
start_gui
open_project C:/2025exp_accelerator/3_2_50hz_debouncer/3_2_50hz_debouncer.xpr
update_compile_order -fileset sources_1
open_hw_manager
connect_hw_server -allow_non_jtag
open_hw_target
set_property PROGRAM.FILE {C:/2025exp_accelerator/3_2_50hz_debouncer/3_2_50hz_debouncer.runs/impl_1/fsm_counter_top.bit} [get_hw_devices xc7s50_0]
current_hw_device [get_hw_devices xc7s50_0]
refresh_hw_device -update_hw_probes false [lindex [get_hw_devices xc7s50_0] 0]
set_property PROBES.FILE {} [get_hw_devices xc7s50_0]
set_property FULL_PROBES.FILE {} [get_hw_devices xc7s50_0]
set_property PROGRAM.FILE {C:/2025exp_accelerator/3_2_50hz_debouncer/3_2_50hz_debouncer.runs/impl_1/fsm_counter_top.bit} [get_hw_devices xc7s50_0]
program_hw_devices [get_hw_devices xc7s50_0]
refresh_hw_device [lindex [get_hw_devices xc7s50_0] 0]
