#-----------------------------------------------------------
# Vivado v2021.1 (64-bit)
# SW Build 3247384 on Thu Jun 10 19:36:33 MDT 2021
# IP Build 3246043 on Fri Jun 11 00:30:35 MDT 2021
# Start of session at: Wed Mar 19 14:09:14 2025
# Process ID: 27288
# Current directory: C:/2025exp_accelerator/3_2_50hz_debouncer
# Command line: vivado.exe -gui_launcher_event rodinguilauncherevent15468 C:\2025exp_accelerator\3_2_50hz_debouncer\3_2_50hz_debouncer.xpr
# Log file: C:/2025exp_accelerator/3_2_50hz_debouncer/vivado.log
# Journal file: C:/2025exp_accelerator/3_2_50hz_debouncer\vivado.jou
#-----------------------------------------------------------
start_gui
open_project C:/2025exp_accelerator/3_2_50hz_debouncer/3_2_50hz_debouncer.xpr
WARNING: [filemgmt 56-3] Default IP Output Path : Could not find the directory 'C:/2025exp_accelerator/3_2_50hz_debouncer/3_2_50hz_debouncer.gen/sources_1'.
Scanning sources...
Finished scanning sources
INFO: [IP_Flow 19-234] Refreshing IP repositories
INFO: [IP_Flow 19-1704] No user IP repositories specified
INFO: [IP_Flow 19-2313] Loaded Vivado IP repository 'C:/Xilinx/Vivado/2021.1/data/ip'.
open_project: Time (s): cpu = 00:00:14 ; elapsed = 00:00:07 . Memory (MB): peak = 1101.461 ; gain = 0.000
update_compile_order -fileset sources_1
launch_simulation
Command: launch_simulation 
INFO: [Vivado 12-12493] Simulation top is 'tb_fsm_counter_top'
INFO: [Vivado 12-5682] Launching behavioral simulation in 'C:/2025exp_accelerator/3_2_50hz_debouncer/3_2_50hz_debouncer.sim/sim_1/behav/xsim'
INFO: [SIM-utils-51] Simulation object is 'sim_1'
INFO: [SIM-utils-72] Using boost library from 'C:/Xilinx/Vivado/2021.1/tps/boost_1_72_0'
INFO: [SIM-utils-54] Inspecting design source files for 'tb_fsm_counter_top' in fileset 'sim_1'...
INFO: [USF-XSim-97] Finding global include files...
INFO: [USF-XSim-98] Fetching design files from 'sim_1'...
INFO: [USF-XSim-2] XSim::Compile design
INFO: [USF-XSim-61] Executing 'COMPILE and ANALYZE' step in 'C:/2025exp_accelerator/3_2_50hz_debouncer/3_2_50hz_debouncer.sim/sim_1/behav/xsim'
"xvlog --incr --relax -prj tb_fsm_counter_top_vlog.prj"
INFO: [VRFC 10-2263] Analyzing Verilog file "C:/2025exp_accelerator/3_2_50hz_debouncer/3_2_50hz_debouncer.srcs/sim_1/new/tb_fsm_counter_top.v" into library xil_defaultlib
INFO: [VRFC 10-311] analyzing module tb_fsm_counter_top
INFO: [USF-XSim-69] 'compile' step finished in '2' seconds
INFO: [USF-XSim-3] XSim::Elaborate design
INFO: [USF-XSim-61] Executing 'ELABORATE' step in 'C:/2025exp_accelerator/3_2_50hz_debouncer/3_2_50hz_debouncer.sim/sim_1/behav/xsim'
"xelab -wto e79d5f1858194f58aa275a61844036ef --incr --debug typical --relax --mt 2 -L xil_defaultlib -L unisims_ver -L unimacro_ver -L secureip --snapshot tb_fsm_counter_top_behav xil_defaultlib.tb_fsm_counter_top xil_defaultlib.glbl -log elaborate.log"
Vivado Simulator v2021.1
Copyright 1986-1999, 2001-2021 Xilinx, Inc. All Rights Reserved.
Running: C:/Xilinx/Vivado/2021.1/bin/unwrapped/win64.o/xelab.exe -wto e79d5f1858194f58aa275a61844036ef --incr --debug typical --relax --mt 2 -L xil_defaultlib -L unisims_ver -L unimacro_ver -L secureip --snapshot tb_fsm_counter_top_behav xil_defaultlib.tb_fsm_counter_top xil_defaultlib.glbl -log elaborate.log 
Using 2 slave threads.
Starting static elaboration
Pass Through NonSizing Optimizer
Completed static elaboration
Starting simulation data flow analysis
Completed simulation data flow analysis
Time Resolution for simulation is 1ps
Compiling module xil_defaultlib.debouncer_active_low
Compiling module xil_defaultlib.debouncer
Compiling module xil_defaultlib.clk_divider
Compiling module xil_defaultlib.fsm_ctrl
Compiling module xil_defaultlib.ssd_ctrl
Compiling module xil_defaultlib.fsm_counter_top
Compiling module xil_defaultlib.tb_fsm_counter_top
Compiling module xil_defaultlib.glbl
Built simulation snapshot tb_fsm_counter_top_behav

****** Webtalk v2021.1 (64-bit)
  **** SW Build 3247384 on Thu Jun 10 19:36:33 MDT 2021
  **** IP Build 3246043 on Fri Jun 11 00:30:35 MDT 2021
    ** Copyright 1986-2021 Xilinx, Inc. All Rights Reserved.

source C:/2025exp_accelerator/3_2_50hz_debouncer/3_2_50hz_debouncer.sim/sim_1/behav/xsim/xsim.dir/tb_fsm_counter_top_behav/webtalk/xsim_webtalk.tcl -notrace
INFO: [Common 17-206] Exiting Webtalk at Wed Mar 19 14:09:51 2025...
INFO: [USF-XSim-69] 'elaborate' step finished in '4' seconds
INFO: [USF-XSim-4] XSim::Simulate design
INFO: [USF-XSim-61] Executing 'SIMULATE' step in 'C:/2025exp_accelerator/3_2_50hz_debouncer/3_2_50hz_debouncer.sim/sim_1/behav/xsim'
INFO: [USF-XSim-98] *** Running xsim
   with args "tb_fsm_counter_top_behav -key {Behavioral:sim_1:Functional:tb_fsm_counter_top} -tclbatch {tb_fsm_counter_top.tcl} -log {simulate.log}"
INFO: [USF-XSim-8] Loading simulator feature
Time resolution is 1 ps
source tb_fsm_counter_top.tcl
# set curr_wave [current_wave_config]
# if { [string length $curr_wave] == 0 } {
#   if { [llength [get_objects]] > 0} {
#     add_wave /
#     set_property needs_save false [current_wave_config]
#   } else {
#      send_msg_id Add_Wave-1 WARNING "No top level signals found. Simulator will start without a wave window. If you want to open a wave window go to 'File->New Waveform Configuration' or type 'create_wave_config' in the TCL console."
#   }
# }
# run 1000ns
INFO: [USF-XSim-96] XSim completed. Design snapshot 'tb_fsm_counter_top_behav' loaded.
INFO: [USF-XSim-97] XSim simulation ran for 1000ns
launch_simulation: Time (s): cpu = 00:00:10 ; elapsed = 00:00:10 . Memory (MB): peak = 1101.461 ; gain = 0.000
set_property -name {xsim.simulate.runtime} -value {5000ns} -objects [get_filesets sim_1]
close_sim
INFO: [Simtcl 6-16] Simulation closed
launch_simulation
Command: launch_simulation 
INFO: [Vivado 12-12493] Simulation top is 'tb_fsm_counter_top'
INFO: [Vivado 12-5682] Launching behavioral simulation in 'C:/2025exp_accelerator/3_2_50hz_debouncer/3_2_50hz_debouncer.sim/sim_1/behav/xsim'
INFO: [SIM-utils-51] Simulation object is 'sim_1'
INFO: [SIM-utils-72] Using boost library from 'C:/Xilinx/Vivado/2021.1/tps/boost_1_72_0'
INFO: [SIM-utils-54] Inspecting design source files for 'tb_fsm_counter_top' in fileset 'sim_1'...
INFO: [USF-XSim-97] Finding global include files...
INFO: [USF-XSim-98] Fetching design files from 'sim_1'...
INFO: [USF-XSim-2] XSim::Compile design
INFO: [USF-XSim-61] Executing 'COMPILE and ANALYZE' step in 'C:/2025exp_accelerator/3_2_50hz_debouncer/3_2_50hz_debouncer.sim/sim_1/behav/xsim'
"xvlog --incr --relax -prj tb_fsm_counter_top_vlog.prj"
INFO: [USF-XSim-69] 'compile' step finished in '1' seconds
INFO: [USF-XSim-3] XSim::Elaborate design
INFO: [USF-XSim-61] Executing 'ELABORATE' step in 'C:/2025exp_accelerator/3_2_50hz_debouncer/3_2_50hz_debouncer.sim/sim_1/behav/xsim'
"xelab -wto e79d5f1858194f58aa275a61844036ef --incr --debug typical --relax --mt 2 -L xil_defaultlib -L unisims_ver -L unimacro_ver -L secureip --snapshot tb_fsm_counter_top_behav xil_defaultlib.tb_fsm_counter_top xil_defaultlib.glbl -log elaborate.log"
Vivado Simulator v2021.1
Copyright 1986-1999, 2001-2021 Xilinx, Inc. All Rights Reserved.
Running: C:/Xilinx/Vivado/2021.1/bin/unwrapped/win64.o/xelab.exe -wto e79d5f1858194f58aa275a61844036ef --incr --debug typical --relax --mt 2 -L xil_defaultlib -L unisims_ver -L unimacro_ver -L secureip --snapshot tb_fsm_counter_top_behav xil_defaultlib.tb_fsm_counter_top xil_defaultlib.glbl -log elaborate.log 
Using 2 slave threads.
Starting static elaboration
Pass Through NonSizing Optimizer
Completed static elaboration
INFO: [XSIM 43-4323] No Change in HDL. Linking previously generated obj files to create kernel
INFO: [USF-XSim-69] 'elaborate' step finished in '2' seconds
INFO: [USF-XSim-4] XSim::Simulate design
INFO: [USF-XSim-61] Executing 'SIMULATE' step in 'C:/2025exp_accelerator/3_2_50hz_debouncer/3_2_50hz_debouncer.sim/sim_1/behav/xsim'
INFO: [USF-XSim-98] *** Running xsim
   with args "tb_fsm_counter_top_behav -key {Behavioral:sim_1:Functional:tb_fsm_counter_top} -tclbatch {tb_fsm_counter_top.tcl} -log {simulate.log}"
INFO: [USF-XSim-8] Loading simulator feature
Time resolution is 1 ps
source tb_fsm_counter_top.tcl
# set curr_wave [current_wave_config]
# if { [string length $curr_wave] == 0 } {
#   if { [llength [get_objects]] > 0} {
#     add_wave /
#     set_property needs_save false [current_wave_config]
#   } else {
#      send_msg_id Add_Wave-1 WARNING "No top level signals found. Simulator will start without a wave window. If you want to open a wave window go to 'File->New Waveform Configuration' or type 'create_wave_config' in the TCL console."
#   }
# }
# run 5000ns
INFO: [USF-XSim-96] XSim completed. Design snapshot 'tb_fsm_counter_top_behav' loaded.
INFO: [USF-XSim-97] XSim simulation ran for 5000ns
launch_simulation: Time (s): cpu = 00:00:05 ; elapsed = 00:00:06 . Memory (MB): peak = 1101.461 ; gain = 0.000
launch_runs impl_1 -to_step write_bitstream -jobs 8
[Wed Mar 19 14:16:09 2025] Launched synth_1...
Run output will be captured here: C:/2025exp_accelerator/3_2_50hz_debouncer/3_2_50hz_debouncer.runs/synth_1/runme.log
[Wed Mar 19 14:16:09 2025] Launched impl_1...
Run output will be captured here: C:/2025exp_accelerator/3_2_50hz_debouncer/3_2_50hz_debouncer.runs/impl_1/runme.log
reset_run impl_1 -prev_step 
launch_runs impl_1 -to_step write_bitstream -jobs 8
[Wed Mar 19 14:29:58 2025] Launched impl_1...
Run output will be captured here: C:/2025exp_accelerator/3_2_50hz_debouncer/3_2_50hz_debouncer.runs/impl_1/runme.log
reset_run synth_1
launch_runs impl_1 -to_step write_bitstream -jobs 8
[Wed Mar 19 14:34:23 2025] Launched synth_1...
Run output will be captured here: C:/2025exp_accelerator/3_2_50hz_debouncer/3_2_50hz_debouncer.runs/synth_1/runme.log
[Wed Mar 19 14:34:23 2025] Launched impl_1...
Run output will be captured here: C:/2025exp_accelerator/3_2_50hz_debouncer/3_2_50hz_debouncer.runs/impl_1/runme.log
add_files -fileset constrs_1 -norecurse C:/2025exp_accelerator/3_2_50hz_debouncer/Arty-S7-50-Master.xdc
reset_run synth_1
launch_runs impl_1 -to_step write_bitstream -jobs 8
[Wed Mar 19 14:37:24 2025] Launched synth_1...
Run output will be captured here: C:/2025exp_accelerator/3_2_50hz_debouncer/3_2_50hz_debouncer.runs/synth_1/runme.log
[Wed Mar 19 14:37:24 2025] Launched impl_1...
Run output will be captured here: C:/2025exp_accelerator/3_2_50hz_debouncer/3_2_50hz_debouncer.runs/impl_1/runme.log
open_hw_manager
connect_hw_server -allow_non_jtag
INFO: [Labtools 27-2285] Connecting to hw_server url TCP:localhost:3121
INFO: [Labtools 27-3415] Connecting to cs_server url TCP:localhost:3042
INFO: [Labtools 27-3414] Connected to existing cs_server.
open_hw_target
INFO: [Labtoolstcl 44-466] Opening hw_target localhost:3121/xilinx_tcf/Digilent/210352AD6C4FA
open_hw_target: Time (s): cpu = 00:00:05 ; elapsed = 00:00:05 . Memory (MB): peak = 2758.512 ; gain = 1657.051
set_property PROGRAM.FILE {C:/2025exp_accelerator/3_2_50hz_debouncer/3_2_50hz_debouncer.runs/impl_1/fsm_counter_top.bit} [get_hw_devices xc7s50_0]
current_hw_device [get_hw_devices xc7s50_0]
refresh_hw_device -update_hw_probes false [lindex [get_hw_devices xc7s50_0] 0]
INFO: [Labtools 27-1434] Device xc7s50 (JTAG device index = 0) is programmed with a design that has no supported debug core(s) in it.
set_property PROBES.FILE {} [get_hw_devices xc7s50_0]
set_property FULL_PROBES.FILE {} [get_hw_devices xc7s50_0]
set_property PROGRAM.FILE {C:/2025exp_accelerator/3_2_50hz_debouncer/3_2_50hz_debouncer.runs/impl_1/fsm_counter_top.bit} [get_hw_devices xc7s50_0]
program_hw_devices [get_hw_devices xc7s50_0]
INFO: [Labtools 27-3164] End of startup status: HIGH
refresh_hw_device [lindex [get_hw_devices xc7s50_0] 0]
INFO: [Labtools 27-1434] Device xc7s50 (JTAG device index = 0) is programmed with a design that has no supported debug core(s) in it.
set_property PROBES.FILE {} [get_hw_devices xc7s50_0]
set_property FULL_PROBES.FILE {} [get_hw_devices xc7s50_0]
set_property PROGRAM.FILE {C:/2025exp_accelerator/3_2_50hz_debouncer/3_2_50hz_debouncer.runs/impl_1/fsm_counter_top.bit} [get_hw_devices xc7s50_0]
program_hw_devices [get_hw_devices xc7s50_0]
INFO: [Labtools 27-3164] End of startup status: HIGH
refresh_hw_device [lindex [get_hw_devices xc7s50_0] 0]
INFO: [Labtools 27-1434] Device xc7s50 (JTAG device index = 0) is programmed with a design that has no supported debug core(s) in it.
ERROR: [Labtoolstcl 44-513] HW Target shutdown. Closing target: localhost:3121/xilinx_tcf/Digilent/210352AD6C4FA
update_compile_order -fileset sources_1
reset_run synth_1
launch_runs impl_1 -to_step write_bitstream -jobs 8
[Thu Mar 20 01:24:18 2025] Launched synth_1...
Run output will be captured here: C:/2025exp_accelerator/3_2_50hz_debouncer/3_2_50hz_debouncer.runs/synth_1/runme.log
[Thu Mar 20 01:24:18 2025] Launched impl_1...
Run output will be captured here: C:/2025exp_accelerator/3_2_50hz_debouncer/3_2_50hz_debouncer.runs/impl_1/runme.log
close_sim
INFO: [Simtcl 6-16] Simulation closed
exit
INFO: [Common 17-206] Exiting Vivado at Thu Mar 20 01:47:07 2025...
