#-----------------------------------------------------------
# Vivado v2021.1 (64-bit)
# SW Build 3247384 on Thu Jun 10 19:36:33 MDT 2021
# IP Build 3246043 on Fri Jun 11 00:30:35 MDT 2021
# Start of session at: Tue Mar 18 00:29:36 2025
# Process ID: 6804
# Current directory: C:/2025exp_accelerator/3_2_week
# Command line: vivado.exe -gui_launcher_event rodinguilauncherevent23688 C:\2025exp_accelerator\3_2_week\3_2_week.xpr
# Log file: C:/2025exp_accelerator/3_2_week/vivado.log
# Journal file: C:/2025exp_accelerator/3_2_week\vivado.jou
#-----------------------------------------------------------
start_gui
open_project C:/2025exp_accelerator/3_2_week/3_2_week.xpr
WARNING: [filemgmt 56-3] Default IP Output Path : Could not find the directory 'C:/2025exp_accelerator/3_2_week/3_2_week.gen/sources_1'.
Scanning sources...
Finished scanning sources
INFO: [IP_Flow 19-234] Refreshing IP repositories
INFO: [IP_Flow 19-1704] No user IP repositories specified
INFO: [IP_Flow 19-2313] Loaded Vivado IP repository 'C:/Xilinx/Vivado/2021.1/data/ip'.
open_project: Time (s): cpu = 00:00:15 ; elapsed = 00:00:09 . Memory (MB): peak = 1115.594 ; gain = 0.000
update_compile_order -fileset sources_1
launch_simulation
Command: launch_simulation 
INFO: [Vivado 12-12493] Simulation top is 'tb_fsm_counter_top'
INFO: [Vivado 12-5682] Launching behavioral simulation in 'C:/2025exp_accelerator/3_2_week/3_2_week.sim/sim_1/behav/xsim'
INFO: [SIM-utils-51] Simulation object is 'sim_1'
INFO: [SIM-utils-72] Using boost library from 'C:/Xilinx/Vivado/2021.1/tps/boost_1_72_0'
INFO: [SIM-utils-54] Inspecting design source files for 'tb_fsm_counter_top' in fileset 'sim_1'...
INFO: [USF-XSim-97] Finding global include files...
INFO: [USF-XSim-98] Fetching design files from 'sim_1'...
INFO: [USF-XSim-2] XSim::Compile design
INFO: [USF-XSim-61] Executing 'COMPILE and ANALYZE' step in 'C:/2025exp_accelerator/3_2_week/3_2_week.sim/sim_1/behav/xsim'
"xvlog --incr --relax -prj tb_fsm_counter_top_vlog.prj"
INFO: [VRFC 10-2263] Analyzing Verilog file "C:/2025exp_accelerator/3_2_week/3_2_week.srcs/sources_1/new/clk_divider.v" into library xil_defaultlib
INFO: [VRFC 10-311] analyzing module clk_divider
INFO: [VRFC 10-2263] Analyzing Verilog file "C:/2025exp_accelerator/3_2_week/3_2_week.srcs/sources_1/new/fsm_counter_top.v" into library xil_defaultlib
INFO: [VRFC 10-311] analyzing module fsm_counter_top
INFO: [VRFC 10-2458] undeclared symbol state, assumed default net type wire [C:/2025exp_accelerator/3_2_week/3_2_week.srcs/sources_1/new/fsm_counter_top.v:68]
INFO: [VRFC 10-2263] Analyzing Verilog file "C:/2025exp_accelerator/3_2_week/3_2_week.srcs/sources_1/new/fsm_ctrl.v" into library xil_defaultlib
INFO: [VRFC 10-311] analyzing module fsm_ctrl
INFO: [VRFC 10-2263] Analyzing Verilog file "C:/2025exp_accelerator/3_2_week/3_2_week.srcs/sources_1/new/ssd_ctrl.v" into library xil_defaultlib
INFO: [VRFC 10-311] analyzing module ssd_ctrl
INFO: [VRFC 10-2263] Analyzing Verilog file "C:/2025exp_accelerator/3_2_week/3_2_week.srcs/sim_1/new/tb_fsm_counter_top.v" into library xil_defaultlib
INFO: [VRFC 10-311] analyzing module tb_fsm_counter_top
INFO: [VRFC 10-2458] undeclared symbol clk_1hz, assumed default net type wire [C:/2025exp_accelerator/3_2_week/3_2_week.srcs/sim_1/new/tb_fsm_counter_top.v:42]
INFO: [VRFC 10-2458] undeclared symbol clk_50hz, assumed default net type wire [C:/2025exp_accelerator/3_2_week/3_2_week.srcs/sim_1/new/tb_fsm_counter_top.v:43]
INFO: [VRFC 10-2458] undeclared symbol count, assumed default net type wire [C:/2025exp_accelerator/3_2_week/3_2_week.srcs/sim_1/new/tb_fsm_counter_top.v:44]
INFO: [VRFC 10-2458] undeclared symbol led, assumed default net type wire [C:/2025exp_accelerator/3_2_week/3_2_week.srcs/sim_1/new/tb_fsm_counter_top.v:45]
INFO: [USF-XSim-69] 'compile' step finished in '2' seconds
INFO: [USF-XSim-3] XSim::Elaborate design
INFO: [USF-XSim-61] Executing 'ELABORATE' step in 'C:/2025exp_accelerator/3_2_week/3_2_week.sim/sim_1/behav/xsim'
"xelab -wto 69660327c155414281180636b33bd182 --incr --debug typical --relax --mt 2 -L xil_defaultlib -L unisims_ver -L unimacro_ver -L secureip --snapshot tb_fsm_counter_top_behav xil_defaultlib.tb_fsm_counter_top xil_defaultlib.glbl -log elaborate.log"
Vivado Simulator v2021.1
Copyright 1986-1999, 2001-2021 Xilinx, Inc. All Rights Reserved.
Running: C:/Xilinx/Vivado/2021.1/bin/unwrapped/win64.o/xelab.exe -wto 69660327c155414281180636b33bd182 --incr --debug typical --relax --mt 2 -L xil_defaultlib -L unisims_ver -L unimacro_ver -L secureip --snapshot tb_fsm_counter_top_behav xil_defaultlib.tb_fsm_counter_top xil_defaultlib.glbl -log elaborate.log 
Using 2 slave threads.
Starting static elaboration
Pass Through NonSizing Optimizer
WARNING: [VRFC 10-3091] actual bit length 1 differs from formal bit length 4 for port 'count' [C:/2025exp_accelerator/3_2_week/3_2_week.srcs/sim_1/new/tb_fsm_counter_top.v:44]
WARNING: [VRFC 10-3091] actual bit length 1 differs from formal bit length 2 for port 'led' [C:/2025exp_accelerator/3_2_week/3_2_week.srcs/sim_1/new/tb_fsm_counter_top.v:45]
WARNING: [VRFC 10-3091] actual bit length 1 differs from formal bit length 2 for port 'state' [C:/2025exp_accelerator/3_2_week/3_2_week.srcs/sources_1/new/fsm_counter_top.v:68]
Completed static elaboration
Starting simulation data flow analysis
Completed simulation data flow analysis
Time Resolution for simulation is 1ps
Compiling module xil_defaultlib.clk_divider
Compiling module xil_defaultlib.fsm_ctrl
Compiling module xil_defaultlib.ssd_ctrl
Compiling module xil_defaultlib.fsm_counter_top
Compiling module xil_defaultlib.tb_fsm_counter_top
Compiling module xil_defaultlib.glbl
Built simulation snapshot tb_fsm_counter_top_behav
INFO: [USF-XSim-69] 'elaborate' step finished in '2' seconds
INFO: [USF-XSim-4] XSim::Simulate design
INFO: [USF-XSim-61] Executing 'SIMULATE' step in 'C:/2025exp_accelerator/3_2_week/3_2_week.sim/sim_1/behav/xsim'
INFO: [USF-XSim-98] *** Running xsim
   with args "tb_fsm_counter_top_behav -key {Behavioral:sim_1:Functional:tb_fsm_counter_top} -tclbatch {tb_fsm_counter_top.tcl} -log {simulate.log}"
INFO: [USF-XSim-8] Loading simulator feature
Time resolution is 1 ps
source tb_fsm_counter_top.tcl
# set curr_wave [current_wave_config]
# if { [string length $curr_wave] == 0 } {
#   if { [llength [get_objects]] > 0} {
#     add_wave /
#     set_property needs_save false [current_wave_config]
#   } else {
#      send_msg_id Add_Wave-1 WARNING "No top level signals found. Simulator will start without a wave window. If you want to open a wave window go to 'File->New Waveform Configuration' or type 'create_wave_config' in the TCL console."
#   }
# }
# run 5000ns
$stop called at time : 2420 ns : File "C:/2025exp_accelerator/3_2_week/3_2_week.srcs/sim_1/new/tb_fsm_counter_top.v" Line 84
INFO: [USF-XSim-96] XSim completed. Design snapshot 'tb_fsm_counter_top_behav' loaded.
INFO: [USF-XSim-97] XSim simulation ran for 5000ns
launch_simulation: Time (s): cpu = 00:00:06 ; elapsed = 00:00:07 . Memory (MB): peak = 1115.594 ; gain = 0.000
close_sim
INFO: [Simtcl 6-16] Simulation closed
launch_simulation
Command: launch_simulation 
INFO: [Vivado 12-12493] Simulation top is 'tb_fsm_counter_top'
INFO: [Vivado 12-5682] Launching behavioral simulation in 'C:/2025exp_accelerator/3_2_week/3_2_week.sim/sim_1/behav/xsim'
INFO: [SIM-utils-51] Simulation object is 'sim_1'
INFO: [SIM-utils-72] Using boost library from 'C:/Xilinx/Vivado/2021.1/tps/boost_1_72_0'
INFO: [SIM-utils-54] Inspecting design source files for 'tb_fsm_counter_top' in fileset 'sim_1'...
INFO: [USF-XSim-97] Finding global include files...
INFO: [USF-XSim-98] Fetching design files from 'sim_1'...
INFO: [USF-XSim-2] XSim::Compile design
INFO: [USF-XSim-61] Executing 'COMPILE and ANALYZE' step in 'C:/2025exp_accelerator/3_2_week/3_2_week.sim/sim_1/behav/xsim'
"xvlog --incr --relax -prj tb_fsm_counter_top_vlog.prj"
INFO: [VRFC 10-2263] Analyzing Verilog file "C:/2025exp_accelerator/3_2_week/3_2_week.srcs/sources_1/new/clk_divider.v" into library xil_defaultlib
INFO: [VRFC 10-311] analyzing module clk_divider
INFO: [VRFC 10-2263] Analyzing Verilog file "C:/2025exp_accelerator/3_2_week/3_2_week.srcs/sources_1/new/fsm_counter_top.v" into library xil_defaultlib
INFO: [VRFC 10-311] analyzing module fsm_counter_top
INFO: [VRFC 10-2458] undeclared symbol state, assumed default net type wire [C:/2025exp_accelerator/3_2_week/3_2_week.srcs/sources_1/new/fsm_counter_top.v:68]
INFO: [VRFC 10-2263] Analyzing Verilog file "C:/2025exp_accelerator/3_2_week/3_2_week.srcs/sources_1/new/fsm_ctrl.v" into library xil_defaultlib
INFO: [VRFC 10-311] analyzing module fsm_ctrl
INFO: [VRFC 10-2263] Analyzing Verilog file "C:/2025exp_accelerator/3_2_week/3_2_week.srcs/sources_1/new/ssd_ctrl.v" into library xil_defaultlib
INFO: [VRFC 10-311] analyzing module ssd_ctrl
INFO: [VRFC 10-2263] Analyzing Verilog file "C:/2025exp_accelerator/3_2_week/3_2_week.srcs/sim_1/new/tb_fsm_counter_top.v" into library xil_defaultlib
INFO: [VRFC 10-311] analyzing module tb_fsm_counter_top
INFO: [VRFC 10-2458] undeclared symbol clk_1hz, assumed default net type wire [C:/2025exp_accelerator/3_2_week/3_2_week.srcs/sim_1/new/tb_fsm_counter_top.v:42]
INFO: [VRFC 10-2458] undeclared symbol clk_50hz, assumed default net type wire [C:/2025exp_accelerator/3_2_week/3_2_week.srcs/sim_1/new/tb_fsm_counter_top.v:43]
INFO: [VRFC 10-2458] undeclared symbol count, assumed default net type wire [C:/2025exp_accelerator/3_2_week/3_2_week.srcs/sim_1/new/tb_fsm_counter_top.v:44]
INFO: [VRFC 10-2458] undeclared symbol led, assumed default net type wire [C:/2025exp_accelerator/3_2_week/3_2_week.srcs/sim_1/new/tb_fsm_counter_top.v:45]
INFO: [USF-XSim-69] 'compile' step finished in '1' seconds
INFO: [USF-XSim-3] XSim::Elaborate design
INFO: [USF-XSim-61] Executing 'ELABORATE' step in 'C:/2025exp_accelerator/3_2_week/3_2_week.sim/sim_1/behav/xsim'
"xelab -wto 69660327c155414281180636b33bd182 --incr --debug typical --relax --mt 2 -L xil_defaultlib -L unisims_ver -L unimacro_ver -L secureip --snapshot tb_fsm_counter_top_behav xil_defaultlib.tb_fsm_counter_top xil_defaultlib.glbl -log elaborate.log"
Vivado Simulator v2021.1
Copyright 1986-1999, 2001-2021 Xilinx, Inc. All Rights Reserved.
Running: C:/Xilinx/Vivado/2021.1/bin/unwrapped/win64.o/xelab.exe -wto 69660327c155414281180636b33bd182 --incr --debug typical --relax --mt 2 -L xil_defaultlib -L unisims_ver -L unimacro_ver -L secureip --snapshot tb_fsm_counter_top_behav xil_defaultlib.tb_fsm_counter_top xil_defaultlib.glbl -log elaborate.log 
Using 2 slave threads.
Starting static elaboration
Pass Through NonSizing Optimizer
WARNING: [VRFC 10-3091] actual bit length 1 differs from formal bit length 4 for port 'count' [C:/2025exp_accelerator/3_2_week/3_2_week.srcs/sim_1/new/tb_fsm_counter_top.v:44]
WARNING: [VRFC 10-3091] actual bit length 1 differs from formal bit length 2 for port 'led' [C:/2025exp_accelerator/3_2_week/3_2_week.srcs/sim_1/new/tb_fsm_counter_top.v:45]
WARNING: [VRFC 10-3091] actual bit length 1 differs from formal bit length 2 for port 'state' [C:/2025exp_accelerator/3_2_week/3_2_week.srcs/sources_1/new/fsm_counter_top.v:68]
Completed static elaboration
Starting simulation data flow analysis
Completed simulation data flow analysis
Time Resolution for simulation is 1ps
Compiling module xil_defaultlib.clk_divider
Compiling module xil_defaultlib.fsm_ctrl
Compiling module xil_defaultlib.ssd_ctrl
Compiling module xil_defaultlib.fsm_counter_top
Compiling module xil_defaultlib.tb_fsm_counter_top
Compiling module xil_defaultlib.glbl
Built simulation snapshot tb_fsm_counter_top_behav
INFO: [USF-XSim-69] 'elaborate' step finished in '2' seconds
INFO: [USF-XSim-4] XSim::Simulate design
INFO: [USF-XSim-61] Executing 'SIMULATE' step in 'C:/2025exp_accelerator/3_2_week/3_2_week.sim/sim_1/behav/xsim'
INFO: [USF-XSim-98] *** Running xsim
   with args "tb_fsm_counter_top_behav -key {Behavioral:sim_1:Functional:tb_fsm_counter_top} -tclbatch {tb_fsm_counter_top.tcl} -log {simulate.log}"
INFO: [USF-XSim-8] Loading simulator feature
Time resolution is 1 ps
source tb_fsm_counter_top.tcl
# set curr_wave [current_wave_config]
# if { [string length $curr_wave] == 0 } {
#   if { [llength [get_objects]] > 0} {
#     add_wave /
#     set_property needs_save false [current_wave_config]
#   } else {
#      send_msg_id Add_Wave-1 WARNING "No top level signals found. Simulator will start without a wave window. If you want to open a wave window go to 'File->New Waveform Configuration' or type 'create_wave_config' in the TCL console."
#   }
# }
# run 5000ns
$finish called at time : 2420 ns : File "C:/2025exp_accelerator/3_2_week/3_2_week.srcs/sim_1/new/tb_fsm_counter_top.v" Line 84
INFO: [USF-XSim-96] XSim completed. Design snapshot 'tb_fsm_counter_top_behav' loaded.
INFO: [USF-XSim-97] XSim simulation ran for 5000ns
launch_simulation: Time (s): cpu = 00:00:03 ; elapsed = 00:00:06 . Memory (MB): peak = 1115.594 ; gain = 0.000
close_sim
INFO: [Simtcl 6-16] Simulation closed
launch_simulation
Command: launch_simulation 
INFO: [Vivado 12-12493] Simulation top is 'tb_fsm_counter_top'
INFO: [Vivado 12-5682] Launching behavioral simulation in 'C:/2025exp_accelerator/3_2_week/3_2_week.sim/sim_1/behav/xsim'
INFO: [SIM-utils-51] Simulation object is 'sim_1'
INFO: [SIM-utils-72] Using boost library from 'C:/Xilinx/Vivado/2021.1/tps/boost_1_72_0'
INFO: [SIM-utils-54] Inspecting design source files for 'tb_fsm_counter_top' in fileset 'sim_1'...
INFO: [USF-XSim-97] Finding global include files...
INFO: [USF-XSim-98] Fetching design files from 'sim_1'...
INFO: [USF-XSim-2] XSim::Compile design
INFO: [USF-XSim-61] Executing 'COMPILE and ANALYZE' step in 'C:/2025exp_accelerator/3_2_week/3_2_week.sim/sim_1/behav/xsim'
"xvlog --incr --relax -prj tb_fsm_counter_top_vlog.prj"
INFO: [VRFC 10-2263] Analyzing Verilog file "C:/2025exp_accelerator/3_2_week/3_2_week.srcs/sources_1/new/clk_divider.v" into library xil_defaultlib
INFO: [VRFC 10-311] analyzing module clk_divider
INFO: [VRFC 10-2263] Analyzing Verilog file "C:/2025exp_accelerator/3_2_week/3_2_week.srcs/sources_1/new/fsm_counter_top.v" into library xil_defaultlib
INFO: [VRFC 10-311] analyzing module fsm_counter_top
INFO: [VRFC 10-2458] undeclared symbol state, assumed default net type wire [C:/2025exp_accelerator/3_2_week/3_2_week.srcs/sources_1/new/fsm_counter_top.v:68]
INFO: [VRFC 10-2263] Analyzing Verilog file "C:/2025exp_accelerator/3_2_week/3_2_week.srcs/sources_1/new/fsm_ctrl.v" into library xil_defaultlib
INFO: [VRFC 10-311] analyzing module fsm_ctrl
INFO: [VRFC 10-2263] Analyzing Verilog file "C:/2025exp_accelerator/3_2_week/3_2_week.srcs/sources_1/new/ssd_ctrl.v" into library xil_defaultlib
INFO: [VRFC 10-311] analyzing module ssd_ctrl
INFO: [VRFC 10-2263] Analyzing Verilog file "C:/2025exp_accelerator/3_2_week/3_2_week.srcs/sim_1/new/tb_fsm_counter_top.v" into library xil_defaultlib
INFO: [VRFC 10-311] analyzing module tb_fsm_counter_top
INFO: [VRFC 10-2458] undeclared symbol count, assumed default net type wire [C:/2025exp_accelerator/3_2_week/3_2_week.srcs/sim_1/new/tb_fsm_counter_top.v:47]
INFO: [USF-XSim-69] 'compile' step finished in '2' seconds
INFO: [USF-XSim-3] XSim::Elaborate design
INFO: [USF-XSim-61] Executing 'ELABORATE' step in 'C:/2025exp_accelerator/3_2_week/3_2_week.sim/sim_1/behav/xsim'
"xelab -wto 69660327c155414281180636b33bd182 --incr --debug typical --relax --mt 2 -L xil_defaultlib -L unisims_ver -L unimacro_ver -L secureip --snapshot tb_fsm_counter_top_behav xil_defaultlib.tb_fsm_counter_top xil_defaultlib.glbl -log elaborate.log"
Vivado Simulator v2021.1
Copyright 1986-1999, 2001-2021 Xilinx, Inc. All Rights Reserved.
Running: C:/Xilinx/Vivado/2021.1/bin/unwrapped/win64.o/xelab.exe -wto 69660327c155414281180636b33bd182 --incr --debug typical --relax --mt 2 -L xil_defaultlib -L unisims_ver -L unimacro_ver -L secureip --snapshot tb_fsm_counter_top_behav xil_defaultlib.tb_fsm_counter_top xil_defaultlib.glbl -log elaborate.log 
Using 2 slave threads.
Starting static elaboration
Pass Through NonSizing Optimizer
WARNING: [VRFC 10-3091] actual bit length 1 differs from formal bit length 4 for port 'count' [C:/2025exp_accelerator/3_2_week/3_2_week.srcs/sim_1/new/tb_fsm_counter_top.v:47]
WARNING: [VRFC 10-3091] actual bit length 1 differs from formal bit length 2 for port 'state' [C:/2025exp_accelerator/3_2_week/3_2_week.srcs/sources_1/new/fsm_counter_top.v:68]
Completed static elaboration
Starting simulation data flow analysis
Completed simulation data flow analysis
Time Resolution for simulation is 1ps
Compiling module xil_defaultlib.clk_divider
Compiling module xil_defaultlib.fsm_ctrl
Compiling module xil_defaultlib.ssd_ctrl
Compiling module xil_defaultlib.fsm_counter_top
Compiling module xil_defaultlib.tb_fsm_counter_top
Compiling module xil_defaultlib.glbl
Built simulation snapshot tb_fsm_counter_top_behav
INFO: [USF-XSim-69] 'elaborate' step finished in '1' seconds
INFO: [USF-XSim-4] XSim::Simulate design
INFO: [USF-XSim-61] Executing 'SIMULATE' step in 'C:/2025exp_accelerator/3_2_week/3_2_week.sim/sim_1/behav/xsim'
INFO: [USF-XSim-98] *** Running xsim
   with args "tb_fsm_counter_top_behav -key {Behavioral:sim_1:Functional:tb_fsm_counter_top} -tclbatch {tb_fsm_counter_top.tcl} -log {simulate.log}"
INFO: [USF-XSim-8] Loading simulator feature
Time resolution is 1 ps
source tb_fsm_counter_top.tcl
# set curr_wave [current_wave_config]
# if { [string length $curr_wave] == 0 } {
#   if { [llength [get_objects]] > 0} {
#     add_wave /
#     set_property needs_save false [current_wave_config]
#   } else {
#      send_msg_id Add_Wave-1 WARNING "No top level signals found. Simulator will start without a wave window. If you want to open a wave window go to 'File->New Waveform Configuration' or type 'create_wave_config' in the TCL console."
#   }
# }
# run 5000ns
$finish called at time : 2420 ns : File "C:/2025exp_accelerator/3_2_week/3_2_week.srcs/sim_1/new/tb_fsm_counter_top.v" Line 87
INFO: [USF-XSim-96] XSim completed. Design snapshot 'tb_fsm_counter_top_behav' loaded.
INFO: [USF-XSim-97] XSim simulation ran for 5000ns
launch_simulation: Time (s): cpu = 00:00:03 ; elapsed = 00:00:06 . Memory (MB): peak = 1115.594 ; gain = 0.000
close_sim
INFO: [Simtcl 6-16] Simulation closed
launch_simulation
Command: launch_simulation 
INFO: [Vivado 12-12493] Simulation top is 'tb_fsm_counter_top'
INFO: [Vivado 12-5682] Launching behavioral simulation in 'C:/2025exp_accelerator/3_2_week/3_2_week.sim/sim_1/behav/xsim'
INFO: [SIM-utils-51] Simulation object is 'sim_1'
INFO: [SIM-utils-72] Using boost library from 'C:/Xilinx/Vivado/2021.1/tps/boost_1_72_0'
INFO: [SIM-utils-54] Inspecting design source files for 'tb_fsm_counter_top' in fileset 'sim_1'...
INFO: [USF-XSim-97] Finding global include files...
INFO: [USF-XSim-98] Fetching design files from 'sim_1'...
INFO: [USF-XSim-2] XSim::Compile design
INFO: [USF-XSim-61] Executing 'COMPILE and ANALYZE' step in 'C:/2025exp_accelerator/3_2_week/3_2_week.sim/sim_1/behav/xsim'
"xvlog --incr --relax -prj tb_fsm_counter_top_vlog.prj"
INFO: [VRFC 10-2263] Analyzing Verilog file "C:/2025exp_accelerator/3_2_week/3_2_week.srcs/sources_1/new/clk_divider.v" into library xil_defaultlib
INFO: [VRFC 10-311] analyzing module clk_divider
INFO: [VRFC 10-2263] Analyzing Verilog file "C:/2025exp_accelerator/3_2_week/3_2_week.srcs/sources_1/new/fsm_counter_top.v" into library xil_defaultlib
INFO: [VRFC 10-311] analyzing module fsm_counter_top
INFO: [VRFC 10-2458] undeclared symbol state, assumed default net type wire [C:/2025exp_accelerator/3_2_week/3_2_week.srcs/sources_1/new/fsm_counter_top.v:68]
INFO: [VRFC 10-2263] Analyzing Verilog file "C:/2025exp_accelerator/3_2_week/3_2_week.srcs/sources_1/new/fsm_ctrl.v" into library xil_defaultlib
INFO: [VRFC 10-311] analyzing module fsm_ctrl
INFO: [VRFC 10-2263] Analyzing Verilog file "C:/2025exp_accelerator/3_2_week/3_2_week.srcs/sources_1/new/ssd_ctrl.v" into library xil_defaultlib
INFO: [VRFC 10-311] analyzing module ssd_ctrl
INFO: [VRFC 10-2263] Analyzing Verilog file "C:/2025exp_accelerator/3_2_week/3_2_week.srcs/sim_1/new/tb_fsm_counter_top.v" into library xil_defaultlib
INFO: [VRFC 10-311] analyzing module tb_fsm_counter_top
INFO: [USF-XSim-69] 'compile' step finished in '1' seconds
INFO: [USF-XSim-3] XSim::Elaborate design
INFO: [USF-XSim-61] Executing 'ELABORATE' step in 'C:/2025exp_accelerator/3_2_week/3_2_week.sim/sim_1/behav/xsim'
"xelab -wto 69660327c155414281180636b33bd182 --incr --debug typical --relax --mt 2 -L xil_defaultlib -L unisims_ver -L unimacro_ver -L secureip --snapshot tb_fsm_counter_top_behav xil_defaultlib.tb_fsm_counter_top xil_defaultlib.glbl -log elaborate.log"
Vivado Simulator v2021.1
Copyright 1986-1999, 2001-2021 Xilinx, Inc. All Rights Reserved.
Running: C:/Xilinx/Vivado/2021.1/bin/unwrapped/win64.o/xelab.exe -wto 69660327c155414281180636b33bd182 --incr --debug typical --relax --mt 2 -L xil_defaultlib -L unisims_ver -L unimacro_ver -L secureip --snapshot tb_fsm_counter_top_behav xil_defaultlib.tb_fsm_counter_top xil_defaultlib.glbl -log elaborate.log 
Using 2 slave threads.
Starting static elaboration
Pass Through NonSizing Optimizer
WARNING: [VRFC 10-3091] actual bit length 1 differs from formal bit length 2 for port 'state' [C:/2025exp_accelerator/3_2_week/3_2_week.srcs/sources_1/new/fsm_counter_top.v:68]
Completed static elaboration
Starting simulation data flow analysis
Completed simulation data flow analysis
Time Resolution for simulation is 1ps
Compiling module xil_defaultlib.clk_divider
Compiling module xil_defaultlib.fsm_ctrl
Compiling module xil_defaultlib.ssd_ctrl
Compiling module xil_defaultlib.fsm_counter_top
Compiling module xil_defaultlib.tb_fsm_counter_top
Compiling module xil_defaultlib.glbl
Built simulation snapshot tb_fsm_counter_top_behav
INFO: [USF-XSim-69] 'elaborate' step finished in '2' seconds
INFO: [USF-XSim-4] XSim::Simulate design
INFO: [USF-XSim-61] Executing 'SIMULATE' step in 'C:/2025exp_accelerator/3_2_week/3_2_week.sim/sim_1/behav/xsim'
INFO: [USF-XSim-98] *** Running xsim
   with args "tb_fsm_counter_top_behav -key {Behavioral:sim_1:Functional:tb_fsm_counter_top} -tclbatch {tb_fsm_counter_top.tcl} -log {simulate.log}"
INFO: [USF-XSim-8] Loading simulator feature
Time resolution is 1 ps
source tb_fsm_counter_top.tcl
# set curr_wave [current_wave_config]
# if { [string length $curr_wave] == 0 } {
#   if { [llength [get_objects]] > 0} {
#     add_wave /
#     set_property needs_save false [current_wave_config]
#   } else {
#      send_msg_id Add_Wave-1 WARNING "No top level signals found. Simulator will start without a wave window. If you want to open a wave window go to 'File->New Waveform Configuration' or type 'create_wave_config' in the TCL console."
#   }
# }
# run 5000ns
$finish called at time : 2420 ns : File "C:/2025exp_accelerator/3_2_week/3_2_week.srcs/sim_1/new/tb_fsm_counter_top.v" Line 87
INFO: [USF-XSim-96] XSim completed. Design snapshot 'tb_fsm_counter_top_behav' loaded.
INFO: [USF-XSim-97] XSim simulation ran for 5000ns
launch_simulation: Time (s): cpu = 00:00:03 ; elapsed = 00:00:06 . Memory (MB): peak = 1115.594 ; gain = 0.000
close_sim
INFO: [Simtcl 6-16] Simulation closed
launch_simulation
Command: launch_simulation 
INFO: [Vivado 12-12493] Simulation top is 'tb_fsm_counter_top'
INFO: [Vivado 12-5682] Launching behavioral simulation in 'C:/2025exp_accelerator/3_2_week/3_2_week.sim/sim_1/behav/xsim'
INFO: [SIM-utils-51] Simulation object is 'sim_1'
INFO: [SIM-utils-72] Using boost library from 'C:/Xilinx/Vivado/2021.1/tps/boost_1_72_0'
INFO: [SIM-utils-54] Inspecting design source files for 'tb_fsm_counter_top' in fileset 'sim_1'...
INFO: [USF-XSim-97] Finding global include files...
INFO: [USF-XSim-98] Fetching design files from 'sim_1'...
INFO: [USF-XSim-2] XSim::Compile design
INFO: [USF-XSim-61] Executing 'COMPILE and ANALYZE' step in 'C:/2025exp_accelerator/3_2_week/3_2_week.sim/sim_1/behav/xsim'
"xvlog --incr --relax -prj tb_fsm_counter_top_vlog.prj"
INFO: [VRFC 10-2263] Analyzing Verilog file "C:/2025exp_accelerator/3_2_week/3_2_week.srcs/sources_1/new/clk_divider.v" into library xil_defaultlib
INFO: [VRFC 10-311] analyzing module clk_divider
INFO: [VRFC 10-2263] Analyzing Verilog file "C:/2025exp_accelerator/3_2_week/3_2_week.srcs/sources_1/new/fsm_counter_top.v" into library xil_defaultlib
INFO: [VRFC 10-311] analyzing module fsm_counter_top
INFO: [VRFC 10-2263] Analyzing Verilog file "C:/2025exp_accelerator/3_2_week/3_2_week.srcs/sources_1/new/fsm_ctrl.v" into library xil_defaultlib
INFO: [VRFC 10-311] analyzing module fsm_ctrl
INFO: [VRFC 10-2263] Analyzing Verilog file "C:/2025exp_accelerator/3_2_week/3_2_week.srcs/sources_1/new/ssd_ctrl.v" into library xil_defaultlib
INFO: [VRFC 10-311] analyzing module ssd_ctrl
INFO: [VRFC 10-2263] Analyzing Verilog file "C:/2025exp_accelerator/3_2_week/3_2_week.srcs/sim_1/new/tb_fsm_counter_top.v" into library xil_defaultlib
INFO: [VRFC 10-311] analyzing module tb_fsm_counter_top
INFO: [USF-XSim-69] 'compile' step finished in '1' seconds
INFO: [USF-XSim-3] XSim::Elaborate design
INFO: [USF-XSim-61] Executing 'ELABORATE' step in 'C:/2025exp_accelerator/3_2_week/3_2_week.sim/sim_1/behav/xsim'
"xelab -wto 69660327c155414281180636b33bd182 --incr --debug typical --relax --mt 2 -L xil_defaultlib -L unisims_ver -L unimacro_ver -L secureip --snapshot tb_fsm_counter_top_behav xil_defaultlib.tb_fsm_counter_top xil_defaultlib.glbl -log elaborate.log"
Vivado Simulator v2021.1
Copyright 1986-1999, 2001-2021 Xilinx, Inc. All Rights Reserved.
Running: C:/Xilinx/Vivado/2021.1/bin/unwrapped/win64.o/xelab.exe -wto 69660327c155414281180636b33bd182 --incr --debug typical --relax --mt 2 -L xil_defaultlib -L unisims_ver -L unimacro_ver -L secureip --snapshot tb_fsm_counter_top_behav xil_defaultlib.tb_fsm_counter_top xil_defaultlib.glbl -log elaborate.log 
Using 2 slave threads.
Starting static elaboration
Pass Through NonSizing Optimizer
ERROR: [VRFC 10-3236] concurrent assignment to a non-net 'state' is not permitted [C:/2025exp_accelerator/3_2_week/3_2_week.srcs/sources_1/new/fsm_counter_top.v:70]
ERROR: [XSIM 43-3322] Static elaboration of top level Verilog design unit(s) in library work failed.
INFO: [USF-XSim-69] 'elaborate' step finished in '2' seconds
INFO: [USF-XSim-99] Step results log file:'C:/2025exp_accelerator/3_2_week/3_2_week.sim/sim_1/behav/xsim/elaborate.log'
ERROR: [USF-XSim-62] 'elaborate' step failed with error(s). Please check the Tcl console output or 'C:/2025exp_accelerator/3_2_week/3_2_week.sim/sim_1/behav/xsim/elaborate.log' file for more information.
ERROR: [Vivado 12-4473] Detected error while running simulation. Please correct the issue and retry this operation.
ERROR: [Common 17-39] 'launch_simulation' failed due to earlier errors.
launch_simulation
Command: launch_simulation 
INFO: [Vivado 12-12493] Simulation top is 'tb_fsm_counter_top'
INFO: [Vivado 12-5682] Launching behavioral simulation in 'C:/2025exp_accelerator/3_2_week/3_2_week.sim/sim_1/behav/xsim'
INFO: [SIM-utils-51] Simulation object is 'sim_1'
INFO: [SIM-utils-72] Using boost library from 'C:/Xilinx/Vivado/2021.1/tps/boost_1_72_0'
INFO: [SIM-utils-54] Inspecting design source files for 'tb_fsm_counter_top' in fileset 'sim_1'...
INFO: [USF-XSim-97] Finding global include files...
INFO: [USF-XSim-98] Fetching design files from 'sim_1'...
INFO: [USF-XSim-2] XSim::Compile design
INFO: [USF-XSim-61] Executing 'COMPILE and ANALYZE' step in 'C:/2025exp_accelerator/3_2_week/3_2_week.sim/sim_1/behav/xsim'
"xvlog --incr --relax -prj tb_fsm_counter_top_vlog.prj"
INFO: [VRFC 10-2263] Analyzing Verilog file "C:/2025exp_accelerator/3_2_week/3_2_week.srcs/sources_1/new/clk_divider.v" into library xil_defaultlib
INFO: [VRFC 10-311] analyzing module clk_divider
INFO: [VRFC 10-2263] Analyzing Verilog file "C:/2025exp_accelerator/3_2_week/3_2_week.srcs/sources_1/new/fsm_counter_top.v" into library xil_defaultlib
INFO: [VRFC 10-311] analyzing module fsm_counter_top
INFO: [VRFC 10-2263] Analyzing Verilog file "C:/2025exp_accelerator/3_2_week/3_2_week.srcs/sources_1/new/fsm_ctrl.v" into library xil_defaultlib
INFO: [VRFC 10-311] analyzing module fsm_ctrl
INFO: [VRFC 10-2263] Analyzing Verilog file "C:/2025exp_accelerator/3_2_week/3_2_week.srcs/sources_1/new/ssd_ctrl.v" into library xil_defaultlib
INFO: [VRFC 10-311] analyzing module ssd_ctrl
INFO: [VRFC 10-2263] Analyzing Verilog file "C:/2025exp_accelerator/3_2_week/3_2_week.srcs/sim_1/new/tb_fsm_counter_top.v" into library xil_defaultlib
INFO: [VRFC 10-311] analyzing module tb_fsm_counter_top
INFO: [USF-XSim-69] 'compile' step finished in '2' seconds
INFO: [USF-XSim-3] XSim::Elaborate design
INFO: [USF-XSim-61] Executing 'ELABORATE' step in 'C:/2025exp_accelerator/3_2_week/3_2_week.sim/sim_1/behav/xsim'
"xelab -wto 69660327c155414281180636b33bd182 --incr --debug typical --relax --mt 2 -L xil_defaultlib -L unisims_ver -L unimacro_ver -L secureip --snapshot tb_fsm_counter_top_behav xil_defaultlib.tb_fsm_counter_top xil_defaultlib.glbl -log elaborate.log"
Vivado Simulator v2021.1
Copyright 1986-1999, 2001-2021 Xilinx, Inc. All Rights Reserved.
Running: C:/Xilinx/Vivado/2021.1/bin/unwrapped/win64.o/xelab.exe -wto 69660327c155414281180636b33bd182 --incr --debug typical --relax --mt 2 -L xil_defaultlib -L unisims_ver -L unimacro_ver -L secureip --snapshot tb_fsm_counter_top_behav xil_defaultlib.tb_fsm_counter_top xil_defaultlib.glbl -log elaborate.log 
Using 2 slave threads.
Starting static elaboration
Pass Through NonSizing Optimizer
Completed static elaboration
Starting simulation data flow analysis
Completed simulation data flow analysis
Time Resolution for simulation is 1ps
Compiling module xil_defaultlib.clk_divider
Compiling module xil_defaultlib.fsm_ctrl
Compiling module xil_defaultlib.ssd_ctrl
Compiling module xil_defaultlib.fsm_counter_top
Compiling module xil_defaultlib.tb_fsm_counter_top
Compiling module xil_defaultlib.glbl
Built simulation snapshot tb_fsm_counter_top_behav
INFO: [USF-XSim-69] 'elaborate' step finished in '1' seconds
INFO: [USF-XSim-4] XSim::Simulate design
INFO: [USF-XSim-61] Executing 'SIMULATE' step in 'C:/2025exp_accelerator/3_2_week/3_2_week.sim/sim_1/behav/xsim'
INFO: [USF-XSim-98] *** Running xsim
   with args "tb_fsm_counter_top_behav -key {Behavioral:sim_1:Functional:tb_fsm_counter_top} -tclbatch {tb_fsm_counter_top.tcl} -log {simulate.log}"
INFO: [USF-XSim-8] Loading simulator feature
Time resolution is 1 ps
source tb_fsm_counter_top.tcl
# set curr_wave [current_wave_config]
# if { [string length $curr_wave] == 0 } {
#   if { [llength [get_objects]] > 0} {
#     add_wave /
#     set_property needs_save false [current_wave_config]
#   } else {
#      send_msg_id Add_Wave-1 WARNING "No top level signals found. Simulator will start without a wave window. If you want to open a wave window go to 'File->New Waveform Configuration' or type 'create_wave_config' in the TCL console."
#   }
# }
# run 5000ns
$finish called at time : 2420 ns : File "C:/2025exp_accelerator/3_2_week/3_2_week.srcs/sim_1/new/tb_fsm_counter_top.v" Line 89
INFO: [USF-XSim-96] XSim completed. Design snapshot 'tb_fsm_counter_top_behav' loaded.
INFO: [USF-XSim-97] XSim simulation ran for 5000ns
launch_simulation: Time (s): cpu = 00:00:03 ; elapsed = 00:00:06 . Memory (MB): peak = 1115.594 ; gain = 0.000
close_sim
INFO: [Simtcl 6-16] Simulation closed
launch_simulation
Command: launch_simulation 
INFO: [Vivado 12-12493] Simulation top is 'tb_fsm_counter_top'
INFO: [Vivado 12-5682] Launching behavioral simulation in 'C:/2025exp_accelerator/3_2_week/3_2_week.sim/sim_1/behav/xsim'
INFO: [SIM-utils-51] Simulation object is 'sim_1'
INFO: [SIM-utils-72] Using boost library from 'C:/Xilinx/Vivado/2021.1/tps/boost_1_72_0'
INFO: [SIM-utils-54] Inspecting design source files for 'tb_fsm_counter_top' in fileset 'sim_1'...
INFO: [USF-XSim-97] Finding global include files...
INFO: [USF-XSim-98] Fetching design files from 'sim_1'...
INFO: [USF-XSim-2] XSim::Compile design
INFO: [USF-XSim-61] Executing 'COMPILE and ANALYZE' step in 'C:/2025exp_accelerator/3_2_week/3_2_week.sim/sim_1/behav/xsim'
"xvlog --incr --relax -prj tb_fsm_counter_top_vlog.prj"
INFO: [VRFC 10-2263] Analyzing Verilog file "C:/2025exp_accelerator/3_2_week/3_2_week.srcs/sources_1/new/clk_divider.v" into library xil_defaultlib
INFO: [VRFC 10-311] analyzing module clk_divider
INFO: [VRFC 10-2263] Analyzing Verilog file "C:/2025exp_accelerator/3_2_week/3_2_week.srcs/sources_1/new/fsm_counter_top.v" into library xil_defaultlib
INFO: [VRFC 10-311] analyzing module fsm_counter_top
INFO: [VRFC 10-2263] Analyzing Verilog file "C:/2025exp_accelerator/3_2_week/3_2_week.srcs/sources_1/new/fsm_ctrl.v" into library xil_defaultlib
INFO: [VRFC 10-311] analyzing module fsm_ctrl
INFO: [VRFC 10-2263] Analyzing Verilog file "C:/2025exp_accelerator/3_2_week/3_2_week.srcs/sources_1/new/ssd_ctrl.v" into library xil_defaultlib
INFO: [VRFC 10-311] analyzing module ssd_ctrl
INFO: [VRFC 10-2263] Analyzing Verilog file "C:/2025exp_accelerator/3_2_week/3_2_week.srcs/sim_1/new/tb_fsm_counter_top.v" into library xil_defaultlib
INFO: [VRFC 10-311] analyzing module tb_fsm_counter_top
INFO: [USF-XSim-69] 'compile' step finished in '1' seconds
INFO: [USF-XSim-3] XSim::Elaborate design
INFO: [USF-XSim-61] Executing 'ELABORATE' step in 'C:/2025exp_accelerator/3_2_week/3_2_week.sim/sim_1/behav/xsim'
"xelab -wto 69660327c155414281180636b33bd182 --incr --debug typical --relax --mt 2 -L xil_defaultlib -L unisims_ver -L unimacro_ver -L secureip --snapshot tb_fsm_counter_top_behav xil_defaultlib.tb_fsm_counter_top xil_defaultlib.glbl -log elaborate.log"
Vivado Simulator v2021.1
Copyright 1986-1999, 2001-2021 Xilinx, Inc. All Rights Reserved.
Running: C:/Xilinx/Vivado/2021.1/bin/unwrapped/win64.o/xelab.exe -wto 69660327c155414281180636b33bd182 --incr --debug typical --relax --mt 2 -L xil_defaultlib -L unisims_ver -L unimacro_ver -L secureip --snapshot tb_fsm_counter_top_behav xil_defaultlib.tb_fsm_counter_top xil_defaultlib.glbl -log elaborate.log 
Using 2 slave threads.
Starting static elaboration
Pass Through NonSizing Optimizer
Completed static elaboration
Starting simulation data flow analysis
Completed simulation data flow analysis
Time Resolution for simulation is 1ps
Compiling module xil_defaultlib.clk_divider
Compiling module xil_defaultlib.fsm_ctrl
Compiling module xil_defaultlib.ssd_ctrl
Compiling module xil_defaultlib.fsm_counter_top
Compiling module xil_defaultlib.tb_fsm_counter_top
Compiling module xil_defaultlib.glbl
Built simulation snapshot tb_fsm_counter_top_behav
INFO: [USF-XSim-69] 'elaborate' step finished in '2' seconds
INFO: [USF-XSim-4] XSim::Simulate design
INFO: [USF-XSim-61] Executing 'SIMULATE' step in 'C:/2025exp_accelerator/3_2_week/3_2_week.sim/sim_1/behav/xsim'
INFO: [USF-XSim-98] *** Running xsim
   with args "tb_fsm_counter_top_behav -key {Behavioral:sim_1:Functional:tb_fsm_counter_top} -tclbatch {tb_fsm_counter_top.tcl} -log {simulate.log}"
INFO: [USF-XSim-8] Loading simulator feature
Time resolution is 1 ps
source tb_fsm_counter_top.tcl
# set curr_wave [current_wave_config]
# if { [string length $curr_wave] == 0 } {
#   if { [llength [get_objects]] > 0} {
#     add_wave /
#     set_property needs_save false [current_wave_config]
#   } else {
#      send_msg_id Add_Wave-1 WARNING "No top level signals found. Simulator will start without a wave window. If you want to open a wave window go to 'File->New Waveform Configuration' or type 'create_wave_config' in the TCL console."
#   }
# }
# run 5000ns
INFO: [USF-XSim-96] XSim completed. Design snapshot 'tb_fsm_counter_top_behav' loaded.
INFO: [USF-XSim-97] XSim simulation ran for 5000ns
launch_simulation: Time (s): cpu = 00:00:03 ; elapsed = 00:00:06 . Memory (MB): peak = 1115.594 ; gain = 0.000
close_sim
INFO: [Simtcl 6-16] Simulation closed
launch_simulation
Command: launch_simulation 
INFO: [Vivado 12-12493] Simulation top is 'tb_fsm_counter_top'
INFO: [Vivado 12-5682] Launching behavioral simulation in 'C:/2025exp_accelerator/3_2_week/3_2_week.sim/sim_1/behav/xsim'
INFO: [SIM-utils-51] Simulation object is 'sim_1'
INFO: [SIM-utils-72] Using boost library from 'C:/Xilinx/Vivado/2021.1/tps/boost_1_72_0'
INFO: [SIM-utils-54] Inspecting design source files for 'tb_fsm_counter_top' in fileset 'sim_1'...
INFO: [USF-XSim-97] Finding global include files...
INFO: [USF-XSim-98] Fetching design files from 'sim_1'...
INFO: [USF-XSim-2] XSim::Compile design
INFO: [USF-XSim-61] Executing 'COMPILE and ANALYZE' step in 'C:/2025exp_accelerator/3_2_week/3_2_week.sim/sim_1/behav/xsim'
"xvlog --incr --relax -prj tb_fsm_counter_top_vlog.prj"
INFO: [VRFC 10-2263] Analyzing Verilog file "C:/2025exp_accelerator/3_2_week/3_2_week.srcs/sources_1/new/clk_divider.v" into library xil_defaultlib
INFO: [VRFC 10-311] analyzing module clk_divider
INFO: [VRFC 10-2263] Analyzing Verilog file "C:/2025exp_accelerator/3_2_week/3_2_week.srcs/sources_1/new/fsm_counter_top.v" into library xil_defaultlib
INFO: [VRFC 10-311] analyzing module fsm_counter_top
INFO: [VRFC 10-2263] Analyzing Verilog file "C:/2025exp_accelerator/3_2_week/3_2_week.srcs/sources_1/new/fsm_ctrl.v" into library xil_defaultlib
INFO: [VRFC 10-311] analyzing module fsm_ctrl
INFO: [VRFC 10-2263] Analyzing Verilog file "C:/2025exp_accelerator/3_2_week/3_2_week.srcs/sources_1/new/ssd_ctrl.v" into library xil_defaultlib
INFO: [VRFC 10-311] analyzing module ssd_ctrl
ERROR: [VRFC 10-2989] 'clk_50hz' is not declared [C:/2025exp_accelerator/3_2_week/3_2_week.srcs/sources_1/new/ssd_ctrl.v:34]
ERROR: [VRFC 10-2865] module 'ssd_ctrl' ignored due to previous errors [C:/2025exp_accelerator/3_2_week/3_2_week.srcs/sources_1/new/ssd_ctrl.v:23]
INFO: [USF-XSim-69] 'compile' step finished in '1' seconds
INFO: [USF-XSim-99] Step results log file:'C:/2025exp_accelerator/3_2_week/3_2_week.sim/sim_1/behav/xsim/xvlog.log'
ERROR: [USF-XSim-62] 'compile' step failed with error(s). Please check the Tcl console output or 'C:/2025exp_accelerator/3_2_week/3_2_week.sim/sim_1/behav/xsim/xvlog.log' file for more information.
ERROR: [Vivado 12-4473] Detected error while running simulation. Please correct the issue and retry this operation.
ERROR: [Common 17-39] 'launch_simulation' failed due to earlier errors.
launch_simulation
Command: launch_simulation 
INFO: [Vivado 12-12493] Simulation top is 'tb_fsm_counter_top'
INFO: [Vivado 12-5682] Launching behavioral simulation in 'C:/2025exp_accelerator/3_2_week/3_2_week.sim/sim_1/behav/xsim'
INFO: [SIM-utils-51] Simulation object is 'sim_1'
INFO: [SIM-utils-72] Using boost library from 'C:/Xilinx/Vivado/2021.1/tps/boost_1_72_0'
INFO: [SIM-utils-54] Inspecting design source files for 'tb_fsm_counter_top' in fileset 'sim_1'...
INFO: [USF-XSim-97] Finding global include files...
INFO: [USF-XSim-98] Fetching design files from 'sim_1'...
INFO: [USF-XSim-2] XSim::Compile design
INFO: [USF-XSim-61] Executing 'COMPILE and ANALYZE' step in 'C:/2025exp_accelerator/3_2_week/3_2_week.sim/sim_1/behav/xsim'
"xvlog --incr --relax -prj tb_fsm_counter_top_vlog.prj"
INFO: [VRFC 10-2263] Analyzing Verilog file "C:/2025exp_accelerator/3_2_week/3_2_week.srcs/sources_1/new/clk_divider.v" into library xil_defaultlib
INFO: [VRFC 10-311] analyzing module clk_divider
INFO: [VRFC 10-2263] Analyzing Verilog file "C:/2025exp_accelerator/3_2_week/3_2_week.srcs/sources_1/new/fsm_counter_top.v" into library xil_defaultlib
INFO: [VRFC 10-311] analyzing module fsm_counter_top
INFO: [VRFC 10-2263] Analyzing Verilog file "C:/2025exp_accelerator/3_2_week/3_2_week.srcs/sources_1/new/fsm_ctrl.v" into library xil_defaultlib
INFO: [VRFC 10-311] analyzing module fsm_ctrl
INFO: [VRFC 10-2263] Analyzing Verilog file "C:/2025exp_accelerator/3_2_week/3_2_week.srcs/sources_1/new/ssd_ctrl.v" into library xil_defaultlib
INFO: [VRFC 10-311] analyzing module ssd_ctrl
ERROR: [VRFC 10-2989] 'clk_50hz' is not declared [C:/2025exp_accelerator/3_2_week/3_2_week.srcs/sources_1/new/ssd_ctrl.v:34]
ERROR: [VRFC 10-2865] module 'ssd_ctrl' ignored due to previous errors [C:/2025exp_accelerator/3_2_week/3_2_week.srcs/sources_1/new/ssd_ctrl.v:23]
INFO: [USF-XSim-69] 'compile' step finished in '2' seconds
INFO: [USF-XSim-99] Step results log file:'C:/2025exp_accelerator/3_2_week/3_2_week.sim/sim_1/behav/xsim/xvlog.log'
ERROR: [USF-XSim-62] 'compile' step failed with error(s). Please check the Tcl console output or 'C:/2025exp_accelerator/3_2_week/3_2_week.sim/sim_1/behav/xsim/xvlog.log' file for more information.
ERROR: [Vivado 12-4473] Detected error while running simulation. Please correct the issue and retry this operation.
ERROR: [Common 17-39] 'launch_simulation' failed due to earlier errors.
launch_simulation
Command: launch_simulation 
INFO: [Vivado 12-12493] Simulation top is 'tb_fsm_counter_top'
INFO: [Vivado 12-5682] Launching behavioral simulation in 'C:/2025exp_accelerator/3_2_week/3_2_week.sim/sim_1/behav/xsim'
INFO: [SIM-utils-51] Simulation object is 'sim_1'
INFO: [SIM-utils-72] Using boost library from 'C:/Xilinx/Vivado/2021.1/tps/boost_1_72_0'
INFO: [SIM-utils-54] Inspecting design source files for 'tb_fsm_counter_top' in fileset 'sim_1'...
INFO: [USF-XSim-97] Finding global include files...
INFO: [USF-XSim-98] Fetching design files from 'sim_1'...
INFO: [USF-XSim-2] XSim::Compile design
INFO: [USF-XSim-61] Executing 'COMPILE and ANALYZE' step in 'C:/2025exp_accelerator/3_2_week/3_2_week.sim/sim_1/behav/xsim'
"xvlog --incr --relax -prj tb_fsm_counter_top_vlog.prj"
INFO: [VRFC 10-2263] Analyzing Verilog file "C:/2025exp_accelerator/3_2_week/3_2_week.srcs/sources_1/new/clk_divider.v" into library xil_defaultlib
INFO: [VRFC 10-311] analyzing module clk_divider
INFO: [VRFC 10-2263] Analyzing Verilog file "C:/2025exp_accelerator/3_2_week/3_2_week.srcs/sources_1/new/fsm_counter_top.v" into library xil_defaultlib
INFO: [VRFC 10-311] analyzing module fsm_counter_top
INFO: [VRFC 10-2263] Analyzing Verilog file "C:/2025exp_accelerator/3_2_week/3_2_week.srcs/sources_1/new/fsm_ctrl.v" into library xil_defaultlib
INFO: [VRFC 10-311] analyzing module fsm_ctrl
INFO: [VRFC 10-2263] Analyzing Verilog file "C:/2025exp_accelerator/3_2_week/3_2_week.srcs/sources_1/new/ssd_ctrl.v" into library xil_defaultlib
INFO: [VRFC 10-311] analyzing module ssd_ctrl
ERROR: [VRFC 10-2989] 'clk_50hz' is not declared [C:/2025exp_accelerator/3_2_week/3_2_week.srcs/sources_1/new/ssd_ctrl.v:34]
ERROR: [VRFC 10-2865] module 'ssd_ctrl' ignored due to previous errors [C:/2025exp_accelerator/3_2_week/3_2_week.srcs/sources_1/new/ssd_ctrl.v:23]
INFO: [USF-XSim-69] 'compile' step finished in '2' seconds
INFO: [USF-XSim-99] Step results log file:'C:/2025exp_accelerator/3_2_week/3_2_week.sim/sim_1/behav/xsim/xvlog.log'
ERROR: [USF-XSim-62] 'compile' step failed with error(s). Please check the Tcl console output or 'C:/2025exp_accelerator/3_2_week/3_2_week.sim/sim_1/behav/xsim/xvlog.log' file for more information.
ERROR: [Vivado 12-4473] Detected error while running simulation. Please correct the issue and retry this operation.
ERROR: [Common 17-39] 'launch_simulation' failed due to earlier errors.
launch_simulation
Command: launch_simulation 
INFO: [Vivado 12-12493] Simulation top is 'tb_fsm_counter_top'
INFO: [Vivado 12-5682] Launching behavioral simulation in 'C:/2025exp_accelerator/3_2_week/3_2_week.sim/sim_1/behav/xsim'
INFO: [SIM-utils-51] Simulation object is 'sim_1'
INFO: [SIM-utils-72] Using boost library from 'C:/Xilinx/Vivado/2021.1/tps/boost_1_72_0'
INFO: [SIM-utils-54] Inspecting design source files for 'tb_fsm_counter_top' in fileset 'sim_1'...
INFO: [USF-XSim-97] Finding global include files...
INFO: [USF-XSim-98] Fetching design files from 'sim_1'...
INFO: [USF-XSim-2] XSim::Compile design
INFO: [USF-XSim-61] Executing 'COMPILE and ANALYZE' step in 'C:/2025exp_accelerator/3_2_week/3_2_week.sim/sim_1/behav/xsim'
"xvlog --incr --relax -prj tb_fsm_counter_top_vlog.prj"
INFO: [VRFC 10-2263] Analyzing Verilog file "C:/2025exp_accelerator/3_2_week/3_2_week.srcs/sources_1/new/clk_divider.v" into library xil_defaultlib
INFO: [VRFC 10-311] analyzing module clk_divider
INFO: [VRFC 10-2263] Analyzing Verilog file "C:/2025exp_accelerator/3_2_week/3_2_week.srcs/sources_1/new/fsm_counter_top.v" into library xil_defaultlib
INFO: [VRFC 10-311] analyzing module fsm_counter_top
INFO: [VRFC 10-2263] Analyzing Verilog file "C:/2025exp_accelerator/3_2_week/3_2_week.srcs/sources_1/new/fsm_ctrl.v" into library xil_defaultlib
INFO: [VRFC 10-311] analyzing module fsm_ctrl
INFO: [VRFC 10-2263] Analyzing Verilog file "C:/2025exp_accelerator/3_2_week/3_2_week.srcs/sources_1/new/ssd_ctrl.v" into library xil_defaultlib
INFO: [VRFC 10-311] analyzing module ssd_ctrl
INFO: [VRFC 10-2263] Analyzing Verilog file "C:/2025exp_accelerator/3_2_week/3_2_week.srcs/sim_1/new/tb_fsm_counter_top.v" into library xil_defaultlib
INFO: [VRFC 10-311] analyzing module tb_fsm_counter_top
INFO: [USF-XSim-69] 'compile' step finished in '1' seconds
INFO: [USF-XSim-3] XSim::Elaborate design
INFO: [USF-XSim-61] Executing 'ELABORATE' step in 'C:/2025exp_accelerator/3_2_week/3_2_week.sim/sim_1/behav/xsim'
"xelab -wto 69660327c155414281180636b33bd182 --incr --debug typical --relax --mt 2 -L xil_defaultlib -L unisims_ver -L unimacro_ver -L secureip --snapshot tb_fsm_counter_top_behav xil_defaultlib.tb_fsm_counter_top xil_defaultlib.glbl -log elaborate.log"
Vivado Simulator v2021.1
Copyright 1986-1999, 2001-2021 Xilinx, Inc. All Rights Reserved.
Running: C:/Xilinx/Vivado/2021.1/bin/unwrapped/win64.o/xelab.exe -wto 69660327c155414281180636b33bd182 --incr --debug typical --relax --mt 2 -L xil_defaultlib -L unisims_ver -L unimacro_ver -L secureip --snapshot tb_fsm_counter_top_behav xil_defaultlib.tb_fsm_counter_top xil_defaultlib.glbl -log elaborate.log 
Using 2 slave threads.
Starting static elaboration
Pass Through NonSizing Optimizer
Completed static elaboration
Starting simulation data flow analysis
Completed simulation data flow analysis
Time Resolution for simulation is 1ps
Compiling module xil_defaultlib.clk_divider
Compiling module xil_defaultlib.fsm_ctrl
Compiling module xil_defaultlib.ssd_ctrl
Compiling module xil_defaultlib.fsm_counter_top
Compiling module xil_defaultlib.tb_fsm_counter_top
Compiling module xil_defaultlib.glbl
Built simulation snapshot tb_fsm_counter_top_behav
INFO: [USF-XSim-69] 'elaborate' step finished in '2' seconds
INFO: [USF-XSim-4] XSim::Simulate design
INFO: [USF-XSim-61] Executing 'SIMULATE' step in 'C:/2025exp_accelerator/3_2_week/3_2_week.sim/sim_1/behav/xsim'
INFO: [USF-XSim-98] *** Running xsim
   with args "tb_fsm_counter_top_behav -key {Behavioral:sim_1:Functional:tb_fsm_counter_top} -tclbatch {tb_fsm_counter_top.tcl} -log {simulate.log}"
INFO: [USF-XSim-8] Loading simulator feature
Time resolution is 1 ps
source tb_fsm_counter_top.tcl
# set curr_wave [current_wave_config]
# if { [string length $curr_wave] == 0 } {
#   if { [llength [get_objects]] > 0} {
#     add_wave /
#     set_property needs_save false [current_wave_config]
#   } else {
#      send_msg_id Add_Wave-1 WARNING "No top level signals found. Simulator will start without a wave window. If you want to open a wave window go to 'File->New Waveform Configuration' or type 'create_wave_config' in the TCL console."
#   }
# }
# run 5000ns
INFO: [USF-XSim-96] XSim completed. Design snapshot 'tb_fsm_counter_top_behav' loaded.
INFO: [USF-XSim-97] XSim simulation ran for 5000ns
launch_simulation: Time (s): cpu = 00:00:03 ; elapsed = 00:00:06 . Memory (MB): peak = 1115.594 ; gain = 0.000
close_sim
INFO: [Simtcl 6-16] Simulation closed
exit
INFO: [Common 17-206] Exiting Vivado at Tue Mar 18 01:12:26 2025...
