#-----------------------------------------------------------
# Vivado v2021.1 (64-bit)
# SW Build 3247384 on Thu Jun 10 19:36:33 MDT 2021
# IP Build 3246043 on Fri Jun 11 00:30:35 MDT 2021
# Start of session at: Thu Mar 20 15:30:25 2025
# Process ID: 15756
# Current directory: C:/2025exp_accelerator/3_2_week
# Command line: vivado.exe -gui_launcher_event rodinguilauncherevent7952 C:\2025exp_accelerator\3_2_week\3_2_week.xpr
# Log file: C:/2025exp_accelerator/3_2_week/vivado.log
# Journal file: C:/2025exp_accelerator/3_2_week\vivado.jou
#-----------------------------------------------------------
start_gui
open_project C:/2025exp_accelerator/3_2_week/3_2_week.xpr
WARNING: [filemgmt 56-3] Default IP Output Path : Could not find the directory 'C:/2025exp_accelerator/3_2_week/3_2_week.gen/sources_1'.
Scanning sources...
Finished scanning sources
INFO: [IP_Flow 19-234] Refreshing IP repositories
INFO: [IP_Flow 19-1704] No user IP repositories specified
INFO: [IP_Flow 19-2313] Loaded Vivado IP repository 'C:/Xilinx/Vivado/2021.1/data/ip'.
open_project: Time (s): cpu = 00:00:21 ; elapsed = 00:00:10 . Memory (MB): peak = 1101.020 ; gain = 0.000
update_compile_order -fileset sources_1
reset_run synth_1
launch_runs impl_1 -to_step write_bitstream -jobs 8
[Thu Mar 20 16:06:41 2025] Launched synth_1...
Run output will be captured here: C:/2025exp_accelerator/3_2_week/3_2_week.runs/synth_1/runme.log
[Thu Mar 20 16:06:41 2025] Launched impl_1...
Run output will be captured here: C:/2025exp_accelerator/3_2_week/3_2_week.runs/impl_1/runme.log
launch_simulation
Command: launch_simulation 
INFO: [Vivado 12-12493] Simulation top is 'tb_fsm_counter_top'
INFO: [Vivado 12-5682] Launching behavioral simulation in 'C:/2025exp_accelerator/3_2_week/3_2_week.sim/sim_1/behav/xsim'
INFO: [SIM-utils-51] Simulation object is 'sim_1'
INFO: [SIM-utils-72] Using boost library from 'C:/Xilinx/Vivado/2021.1/tps/boost_1_72_0'
INFO: [SIM-utils-54] Inspecting design source files for 'tb_fsm_counter_top' in fileset 'sim_1'...
INFO: [USF-XSim-97] Finding global include files...
INFO: [USF-XSim-98] Fetching design files from 'sim_1'...
INFO: [USF-XSim-2] XSim::Compile design
INFO: [USF-XSim-61] Executing 'COMPILE and ANALYZE' step in 'C:/2025exp_accelerator/3_2_week/3_2_week.sim/sim_1/behav/xsim'
"xvlog --incr --relax -prj tb_fsm_counter_top_vlog.prj"
INFO: [VRFC 10-2263] Analyzing Verilog file "C:/2025exp_accelerator/3_2_week/3_2_week.srcs/sources_1/new/clk_divider.v" into library xil_defaultlib
INFO: [VRFC 10-311] analyzing module clk_divider
INFO: [VRFC 10-2263] Analyzing Verilog file "C:/2025exp_accelerator/3_2_week/3_2_week.srcs/sources_1/new/fsm_counter_top.v" into library xil_defaultlib
INFO: [VRFC 10-311] analyzing module fsm_counter_top
INFO: [VRFC 10-2263] Analyzing Verilog file "C:/2025exp_accelerator/3_2_week/3_2_week.srcs/sources_1/new/fsm_ctrl.v" into library xil_defaultlib
INFO: [VRFC 10-311] analyzing module fsm_ctrl
INFO: [VRFC 10-2263] Analyzing Verilog file "C:/2025exp_accelerator/3_2_week/3_2_week.srcs/sources_1/new/ssd_ctrl.v" into library xil_defaultlib
INFO: [VRFC 10-311] analyzing module ssd_ctrl
INFO: [VRFC 10-2263] Analyzing Verilog file "C:/2025exp_accelerator/3_2_week/3_2_week.srcs/sim_1/new/tb_fsm_counter_top.v" into library xil_defaultlib
INFO: [VRFC 10-311] analyzing module tb_fsm_counter_top
INFO: [USF-XSim-69] 'compile' step finished in '2' seconds
INFO: [USF-XSim-3] XSim::Elaborate design
INFO: [USF-XSim-61] Executing 'ELABORATE' step in 'C:/2025exp_accelerator/3_2_week/3_2_week.sim/sim_1/behav/xsim'
"xelab -wto 69660327c155414281180636b33bd182 --incr --debug typical --relax --mt 2 -L xil_defaultlib -L unisims_ver -L unimacro_ver -L secureip --snapshot tb_fsm_counter_top_behav xil_defaultlib.tb_fsm_counter_top xil_defaultlib.glbl -log elaborate.log"
Vivado Simulator v2021.1
Copyright 1986-1999, 2001-2021 Xilinx, Inc. All Rights Reserved.
Running: C:/Xilinx/Vivado/2021.1/bin/unwrapped/win64.o/xelab.exe -wto 69660327c155414281180636b33bd182 --incr --debug typical --relax --mt 2 -L xil_defaultlib -L unisims_ver -L unimacro_ver -L secureip --snapshot tb_fsm_counter_top_behav xil_defaultlib.tb_fsm_counter_top xil_defaultlib.glbl -log elaborate.log 
Using 2 slave threads.
Starting static elaboration
Pass Through NonSizing Optimizer
ERROR: [VRFC 10-3180] cannot find port 'state' on this module [C:/2025exp_accelerator/3_2_week/3_2_week.srcs/sim_1/new/tb_fsm_counter_top.v:48]
ERROR: [VRFC 10-3180] cannot find port 'count' on this module [C:/2025exp_accelerator/3_2_week/3_2_week.srcs/sim_1/new/tb_fsm_counter_top.v:47]
ERROR: [VRFC 10-3180] cannot find port 'clk_50hz' on this module [C:/2025exp_accelerator/3_2_week/3_2_week.srcs/sim_1/new/tb_fsm_counter_top.v:46]
ERROR: [VRFC 10-3180] cannot find port 'clk_1hz' on this module [C:/2025exp_accelerator/3_2_week/3_2_week.srcs/sim_1/new/tb_fsm_counter_top.v:45]
ERROR: [XSIM 43-3322] Static elaboration of top level Verilog design unit(s) in library work failed.
INFO: [USF-XSim-69] 'elaborate' step finished in '3' seconds
INFO: [USF-XSim-99] Step results log file:'C:/2025exp_accelerator/3_2_week/3_2_week.sim/sim_1/behav/xsim/elaborate.log'
ERROR: [USF-XSim-62] 'elaborate' step failed with error(s). Please check the Tcl console output or 'C:/2025exp_accelerator/3_2_week/3_2_week.sim/sim_1/behav/xsim/elaborate.log' file for more information.
ERROR: [Vivado 12-4473] Detected error while running simulation. Please correct the issue and retry this operation.
launch_simulation: Time (s): cpu = 00:00:01 ; elapsed = 00:00:05 . Memory (MB): peak = 1101.020 ; gain = 0.000
ERROR: [Common 17-39] 'launch_simulation' failed due to earlier errors.
launch_simulation
Command: launch_simulation 
INFO: [Vivado 12-12493] Simulation top is 'tb_fsm_counter_top'
INFO: [Vivado 12-5682] Launching behavioral simulation in 'C:/2025exp_accelerator/3_2_week/3_2_week.sim/sim_1/behav/xsim'
INFO: [SIM-utils-51] Simulation object is 'sim_1'
INFO: [SIM-utils-72] Using boost library from 'C:/Xilinx/Vivado/2021.1/tps/boost_1_72_0'
INFO: [SIM-utils-54] Inspecting design source files for 'tb_fsm_counter_top' in fileset 'sim_1'...
INFO: [USF-XSim-97] Finding global include files...
INFO: [USF-XSim-98] Fetching design files from 'sim_1'...
INFO: [USF-XSim-2] XSim::Compile design
INFO: [USF-XSim-61] Executing 'COMPILE and ANALYZE' step in 'C:/2025exp_accelerator/3_2_week/3_2_week.sim/sim_1/behav/xsim'
"xvlog --incr --relax -prj tb_fsm_counter_top_vlog.prj"
INFO: [VRFC 10-2263] Analyzing Verilog file "C:/2025exp_accelerator/3_2_week/3_2_week.srcs/sources_1/new/clk_divider.v" into library xil_defaultlib
INFO: [VRFC 10-311] analyzing module clk_divider
INFO: [VRFC 10-2263] Analyzing Verilog file "C:/2025exp_accelerator/3_2_week/3_2_week.srcs/sources_1/new/fsm_counter_top.v" into library xil_defaultlib
INFO: [VRFC 10-311] analyzing module fsm_counter_top
INFO: [VRFC 10-2263] Analyzing Verilog file "C:/2025exp_accelerator/3_2_week/3_2_week.srcs/sources_1/new/fsm_ctrl.v" into library xil_defaultlib
INFO: [VRFC 10-311] analyzing module fsm_ctrl
INFO: [VRFC 10-2263] Analyzing Verilog file "C:/2025exp_accelerator/3_2_week/3_2_week.srcs/sources_1/new/ssd_ctrl.v" into library xil_defaultlib
INFO: [VRFC 10-311] analyzing module ssd_ctrl
INFO: [VRFC 10-2263] Analyzing Verilog file "C:/2025exp_accelerator/3_2_week/3_2_week.srcs/sim_1/new/tb_fsm_counter_top.v" into library xil_defaultlib
INFO: [VRFC 10-311] analyzing module tb_fsm_counter_top
INFO: [USF-XSim-69] 'compile' step finished in '3' seconds
INFO: [USF-XSim-3] XSim::Elaborate design
INFO: [USF-XSim-61] Executing 'ELABORATE' step in 'C:/2025exp_accelerator/3_2_week/3_2_week.sim/sim_1/behav/xsim'
"xelab -wto 69660327c155414281180636b33bd182 --incr --debug typical --relax --mt 2 -L xil_defaultlib -L unisims_ver -L unimacro_ver -L secureip --snapshot tb_fsm_counter_top_behav xil_defaultlib.tb_fsm_counter_top xil_defaultlib.glbl -log elaborate.log"
Vivado Simulator v2021.1
Copyright 1986-1999, 2001-2021 Xilinx, Inc. All Rights Reserved.
Running: C:/Xilinx/Vivado/2021.1/bin/unwrapped/win64.o/xelab.exe -wto 69660327c155414281180636b33bd182 --incr --debug typical --relax --mt 2 -L xil_defaultlib -L unisims_ver -L unimacro_ver -L secureip --snapshot tb_fsm_counter_top_behav xil_defaultlib.tb_fsm_counter_top xil_defaultlib.glbl -log elaborate.log 
Using 2 slave threads.
Starting static elaboration
Pass Through NonSizing Optimizer
Completed static elaboration
Starting simulation data flow analysis
Completed simulation data flow analysis
Time Resolution for simulation is 1ps
Compiling module xil_defaultlib.clk_divider
Compiling module xil_defaultlib.fsm_ctrl
Compiling module xil_defaultlib.ssd_ctrl
Compiling module xil_defaultlib.fsm_counter_top
Compiling module xil_defaultlib.tb_fsm_counter_top
Compiling module xil_defaultlib.glbl
Built simulation snapshot tb_fsm_counter_top_behav

****** Webtalk v2021.1 (64-bit)
  **** SW Build 3247384 on Thu Jun 10 19:36:33 MDT 2021
  **** IP Build 3246043 on Fri Jun 11 00:30:35 MDT 2021
    ** Copyright 1986-2021 Xilinx, Inc. All Rights Reserved.

source C:/2025exp_accelerator/3_2_week/3_2_week.sim/sim_1/behav/xsim/xsim.dir/tb_fsm_counter_top_behav/webtalk/xsim_webtalk.tcl -notrace
INFO: [Common 17-206] Exiting Webtalk at Thu Mar 20 17:26:58 2025...
run_program: Time (s): cpu = 00:00:01 ; elapsed = 00:00:10 . Memory (MB): peak = 1101.020 ; gain = 0.000
INFO: [USF-XSim-69] 'elaborate' step finished in '10' seconds
INFO: [USF-XSim-4] XSim::Simulate design
INFO: [USF-XSim-61] Executing 'SIMULATE' step in 'C:/2025exp_accelerator/3_2_week/3_2_week.sim/sim_1/behav/xsim'
INFO: [USF-XSim-98] *** Running xsim
   with args "tb_fsm_counter_top_behav -key {Behavioral:sim_1:Functional:tb_fsm_counter_top} -tclbatch {tb_fsm_counter_top.tcl} -log {simulate.log}"
INFO: [USF-XSim-8] Loading simulator feature
Time resolution is 1 ps
source tb_fsm_counter_top.tcl
# set curr_wave [current_wave_config]
# if { [string length $curr_wave] == 0 } {
#   if { [llength [get_objects]] > 0} {
#     add_wave /
#     set_property needs_save false [current_wave_config]
#   } else {
#      send_msg_id Add_Wave-1 WARNING "No top level signals found. Simulator will start without a wave window. If you want to open a wave window go to 'File->New Waveform Configuration' or type 'create_wave_config' in the TCL console."
#   }
# }
# run 5000ns
xsim: Time (s): cpu = 00:00:09 ; elapsed = 00:00:06 . Memory (MB): peak = 1101.020 ; gain = 0.000
INFO: [USF-XSim-96] XSim completed. Design snapshot 'tb_fsm_counter_top_behav' loaded.
INFO: [USF-XSim-97] XSim simulation ran for 5000ns
launch_simulation: Time (s): cpu = 00:00:10 ; elapsed = 00:00:19 . Memory (MB): peak = 1101.020 ; gain = 0.000
run all
$finish called at time : 5120 ns : File "C:/2025exp_accelerator/3_2_week/3_2_week.srcs/sim_1/new/tb_fsm_counter_top.v" Line 88
run all
run: Time (s): cpu = 00:00:06 ; elapsed = 00:00:06 . Memory (MB): peak = 1101.020 ; gain = 0.000
close_sim
INFO: [Simtcl 6-16] Simulation closed
launch_simulation
Command: launch_simulation 
INFO: [Vivado 12-12493] Simulation top is 'tb_fsm_counter_top'
INFO: [Vivado 12-5682] Launching behavioral simulation in 'C:/2025exp_accelerator/3_2_week/3_2_week.sim/sim_1/behav/xsim'
INFO: [SIM-utils-51] Simulation object is 'sim_1'
INFO: [SIM-utils-72] Using boost library from 'C:/Xilinx/Vivado/2021.1/tps/boost_1_72_0'
INFO: [SIM-utils-54] Inspecting design source files for 'tb_fsm_counter_top' in fileset 'sim_1'...
INFO: [USF-XSim-97] Finding global include files...
INFO: [USF-XSim-98] Fetching design files from 'sim_1'...
INFO: [USF-XSim-2] XSim::Compile design
INFO: [USF-XSim-61] Executing 'COMPILE and ANALYZE' step in 'C:/2025exp_accelerator/3_2_week/3_2_week.sim/sim_1/behav/xsim'
"xvlog --incr --relax -prj tb_fsm_counter_top_vlog.prj"
INFO: [VRFC 10-2263] Analyzing Verilog file "C:/2025exp_accelerator/3_2_week/3_2_week.srcs/sources_1/new/clk_divider.v" into library xil_defaultlib
INFO: [VRFC 10-311] analyzing module clk_divider
INFO: [VRFC 10-2263] Analyzing Verilog file "C:/2025exp_accelerator/3_2_week/3_2_week.srcs/sources_1/new/fsm_counter_top.v" into library xil_defaultlib
INFO: [VRFC 10-311] analyzing module fsm_counter_top
INFO: [VRFC 10-2263] Analyzing Verilog file "C:/2025exp_accelerator/3_2_week/3_2_week.srcs/sources_1/new/fsm_ctrl.v" into library xil_defaultlib
INFO: [VRFC 10-311] analyzing module fsm_ctrl
INFO: [VRFC 10-2263] Analyzing Verilog file "C:/2025exp_accelerator/3_2_week/3_2_week.srcs/sources_1/new/ssd_ctrl.v" into library xil_defaultlib
INFO: [VRFC 10-311] analyzing module ssd_ctrl
INFO: [VRFC 10-2263] Analyzing Verilog file "C:/2025exp_accelerator/3_2_week/3_2_week.srcs/sim_1/new/tb_fsm_counter_top.v" into library xil_defaultlib
INFO: [VRFC 10-311] analyzing module tb_fsm_counter_top
INFO: [USF-XSim-69] 'compile' step finished in '3' seconds
INFO: [USF-XSim-3] XSim::Elaborate design
INFO: [USF-XSim-61] Executing 'ELABORATE' step in 'C:/2025exp_accelerator/3_2_week/3_2_week.sim/sim_1/behav/xsim'
"xelab -wto 69660327c155414281180636b33bd182 --incr --debug typical --relax --mt 2 -L xil_defaultlib -L unisims_ver -L unimacro_ver -L secureip --snapshot tb_fsm_counter_top_behav xil_defaultlib.tb_fsm_counter_top xil_defaultlib.glbl -log elaborate.log"
Vivado Simulator v2021.1
Copyright 1986-1999, 2001-2021 Xilinx, Inc. All Rights Reserved.
Running: C:/Xilinx/Vivado/2021.1/bin/unwrapped/win64.o/xelab.exe -wto 69660327c155414281180636b33bd182 --incr --debug typical --relax --mt 2 -L xil_defaultlib -L unisims_ver -L unimacro_ver -L secureip --snapshot tb_fsm_counter_top_behav xil_defaultlib.tb_fsm_counter_top xil_defaultlib.glbl -log elaborate.log 
Using 2 slave threads.
Starting static elaboration
Pass Through NonSizing Optimizer
Completed static elaboration
Starting simulation data flow analysis
Completed simulation data flow analysis
Time Resolution for simulation is 1ps
Compiling module xil_defaultlib.clk_divider
Compiling module xil_defaultlib.fsm_ctrl
Compiling module xil_defaultlib.ssd_ctrl
Compiling module xil_defaultlib.fsm_counter_top
Compiling module xil_defaultlib.tb_fsm_counter_top
Compiling module xil_defaultlib.glbl
Built simulation snapshot tb_fsm_counter_top_behav
INFO: [USF-XSim-69] 'elaborate' step finished in '3' seconds
INFO: [USF-XSim-4] XSim::Simulate design
INFO: [USF-XSim-61] Executing 'SIMULATE' step in 'C:/2025exp_accelerator/3_2_week/3_2_week.sim/sim_1/behav/xsim'
INFO: [USF-XSim-98] *** Running xsim
   with args "tb_fsm_counter_top_behav -key {Behavioral:sim_1:Functional:tb_fsm_counter_top} -tclbatch {tb_fsm_counter_top.tcl} -log {simulate.log}"
INFO: [USF-XSim-8] Loading simulator feature
Time resolution is 1 ps
source tb_fsm_counter_top.tcl
# set curr_wave [current_wave_config]
# if { [string length $curr_wave] == 0 } {
#   if { [llength [get_objects]] > 0} {
#     add_wave /
#     set_property needs_save false [current_wave_config]
#   } else {
#      send_msg_id Add_Wave-1 WARNING "No top level signals found. Simulator will start without a wave window. If you want to open a wave window go to 'File->New Waveform Configuration' or type 'create_wave_config' in the TCL console."
#   }
# }
# run 5000ns
INFO: [USF-XSim-96] XSim completed. Design snapshot 'tb_fsm_counter_top_behav' loaded.
INFO: [USF-XSim-97] XSim simulation ran for 5000ns
launch_simulation: Time (s): cpu = 00:00:05 ; elapsed = 00:00:11 . Memory (MB): peak = 1101.020 ; gain = 0.000
run all
$finish called at time : 5120 ns : File "C:/2025exp_accelerator/3_2_week/3_2_week.srcs/sim_1/new/tb_fsm_counter_top.v" Line 88
close_sim
INFO: [Simtcl 6-16] Simulation closed
update_compile_order -fileset sources_1
update_compile_order -fileset sources_1
launch_simulation
Command: launch_simulation 
INFO: [Vivado 12-12493] Simulation top is 'tb_fsm_counter_top'
INFO: [Vivado 12-5682] Launching behavioral simulation in 'C:/2025exp_accelerator/3_2_week/3_2_week.sim/sim_1/behav/xsim'
INFO: [SIM-utils-51] Simulation object is 'sim_1'
INFO: [SIM-utils-72] Using boost library from 'C:/Xilinx/Vivado/2021.1/tps/boost_1_72_0'
INFO: [SIM-utils-54] Inspecting design source files for 'tb_fsm_counter_top' in fileset 'sim_1'...
INFO: [USF-XSim-97] Finding global include files...
INFO: [USF-XSim-98] Fetching design files from 'sim_1'...
INFO: [USF-XSim-2] XSim::Compile design
INFO: [USF-XSim-61] Executing 'COMPILE and ANALYZE' step in 'C:/2025exp_accelerator/3_2_week/3_2_week.sim/sim_1/behav/xsim'
"xvlog --incr --relax -prj tb_fsm_counter_top_vlog.prj"
INFO: [VRFC 10-2263] Analyzing Verilog file "C:/2025exp_accelerator/3_2_week/3_2_week.srcs/sim_1/new/tb_fsm_counter_top.v" into library xil_defaultlib
INFO: [VRFC 10-311] analyzing module tb_fsm_counter_top
ERROR: [VRFC 10-4982] syntax error near '.' [C:/2025exp_accelerator/3_2_week/3_2_week.srcs/sim_1/new/tb_fsm_counter_top.v:46]
ERROR: [VRFC 10-2865] module 'tb_fsm_counter_top' ignored due to previous errors [C:/2025exp_accelerator/3_2_week/3_2_week.srcs/sim_1/new/tb_fsm_counter_top.v:23]
INFO: [USF-XSim-69] 'compile' step finished in '3' seconds
INFO: [USF-XSim-99] Step results log file:'C:/2025exp_accelerator/3_2_week/3_2_week.sim/sim_1/behav/xsim/xvlog.log'
ERROR: [USF-XSim-62] 'compile' step failed with error(s). Please check the Tcl console output or 'C:/2025exp_accelerator/3_2_week/3_2_week.sim/sim_1/behav/xsim/xvlog.log' file for more information.
ERROR: [Vivado 12-4473] Detected error while running simulation. Please correct the issue and retry this operation.
ERROR: [Common 17-39] 'launch_simulation' failed due to earlier errors.
launch_simulation
Command: launch_simulation 
INFO: [Vivado 12-12493] Simulation top is 'tb_fsm_counter_top'
INFO: [Vivado 12-5682] Launching behavioral simulation in 'C:/2025exp_accelerator/3_2_week/3_2_week.sim/sim_1/behav/xsim'
INFO: [SIM-utils-51] Simulation object is 'sim_1'
INFO: [SIM-utils-72] Using boost library from 'C:/Xilinx/Vivado/2021.1/tps/boost_1_72_0'
INFO: [SIM-utils-54] Inspecting design source files for 'tb_fsm_counter_top' in fileset 'sim_1'...
INFO: [USF-XSim-97] Finding global include files...
INFO: [USF-XSim-98] Fetching design files from 'sim_1'...
INFO: [USF-XSim-2] XSim::Compile design
INFO: [USF-XSim-61] Executing 'COMPILE and ANALYZE' step in 'C:/2025exp_accelerator/3_2_week/3_2_week.sim/sim_1/behav/xsim'
"xvlog --incr --relax -prj tb_fsm_counter_top_vlog.prj"
INFO: [VRFC 10-2263] Analyzing Verilog file "C:/2025exp_accelerator/3_2_week/3_2_week.srcs/sim_1/new/tb_fsm_counter_top.v" into library xil_defaultlib
INFO: [VRFC 10-311] analyzing module tb_fsm_counter_top
INFO: [USF-XSim-69] 'compile' step finished in '2' seconds
INFO: [USF-XSim-3] XSim::Elaborate design
INFO: [USF-XSim-61] Executing 'ELABORATE' step in 'C:/2025exp_accelerator/3_2_week/3_2_week.sim/sim_1/behav/xsim'
"xelab -wto 69660327c155414281180636b33bd182 --incr --debug typical --relax --mt 2 -L xil_defaultlib -L unisims_ver -L unimacro_ver -L secureip --snapshot tb_fsm_counter_top_behav xil_defaultlib.tb_fsm_counter_top xil_defaultlib.glbl -log elaborate.log"
Vivado Simulator v2021.1
Copyright 1986-1999, 2001-2021 Xilinx, Inc. All Rights Reserved.
Running: C:/Xilinx/Vivado/2021.1/bin/unwrapped/win64.o/xelab.exe -wto 69660327c155414281180636b33bd182 --incr --debug typical --relax --mt 2 -L xil_defaultlib -L unisims_ver -L unimacro_ver -L secureip --snapshot tb_fsm_counter_top_behav xil_defaultlib.tb_fsm_counter_top xil_defaultlib.glbl -log elaborate.log 
Using 2 slave threads.
Starting static elaboration
Pass Through NonSizing Optimizer
ERROR: [VRFC 10-3180] cannot find port 'state' on this module [C:/2025exp_accelerator/3_2_week/3_2_week.srcs/sim_1/new/tb_fsm_counter_top.v:49]
ERROR: [VRFC 10-3180] cannot find port 'count' on this module [C:/2025exp_accelerator/3_2_week/3_2_week.srcs/sim_1/new/tb_fsm_counter_top.v:48]
ERROR: [VRFC 10-3180] cannot find port 'clk_50hz' on this module [C:/2025exp_accelerator/3_2_week/3_2_week.srcs/sim_1/new/tb_fsm_counter_top.v:47]
ERROR: [VRFC 10-3180] cannot find port 'clk_1hz' on this module [C:/2025exp_accelerator/3_2_week/3_2_week.srcs/sim_1/new/tb_fsm_counter_top.v:46]
ERROR: [XSIM 43-3322] Static elaboration of top level Verilog design unit(s) in library work failed.
INFO: [USF-XSim-69] 'elaborate' step finished in '2' seconds
INFO: [USF-XSim-99] Step results log file:'C:/2025exp_accelerator/3_2_week/3_2_week.sim/sim_1/behav/xsim/elaborate.log'
ERROR: [USF-XSim-62] 'elaborate' step failed with error(s). Please check the Tcl console output or 'C:/2025exp_accelerator/3_2_week/3_2_week.sim/sim_1/behav/xsim/elaborate.log' file for more information.
ERROR: [Vivado 12-4473] Detected error while running simulation. Please correct the issue and retry this operation.
ERROR: [Common 17-39] 'launch_simulation' failed due to earlier errors.
launch_simulation
Command: launch_simulation 
INFO: [Vivado 12-12493] Simulation top is 'tb_fsm_counter_top'
INFO: [Vivado 12-5682] Launching behavioral simulation in 'C:/2025exp_accelerator/3_2_week/3_2_week.sim/sim_1/behav/xsim'
INFO: [SIM-utils-51] Simulation object is 'sim_1'
INFO: [SIM-utils-72] Using boost library from 'C:/Xilinx/Vivado/2021.1/tps/boost_1_72_0'
INFO: [SIM-utils-54] Inspecting design source files for 'tb_fsm_counter_top' in fileset 'sim_1'...
INFO: [USF-XSim-97] Finding global include files...
INFO: [USF-XSim-98] Fetching design files from 'sim_1'...
INFO: [USF-XSim-2] XSim::Compile design
INFO: [USF-XSim-61] Executing 'COMPILE and ANALYZE' step in 'C:/2025exp_accelerator/3_2_week/3_2_week.sim/sim_1/behav/xsim'
"xvlog --incr --relax -prj tb_fsm_counter_top_vlog.prj"
INFO: [VRFC 10-2263] Analyzing Verilog file "C:/2025exp_accelerator/3_2_week/3_2_week.srcs/sources_1/new/clk_divider.v" into library xil_defaultlib
INFO: [VRFC 10-311] analyzing module clk_divider
INFO: [VRFC 10-2263] Analyzing Verilog file "C:/2025exp_accelerator/3_2_week/3_2_week.srcs/sources_1/new/fsm_counter_top.v" into library xil_defaultlib
INFO: [VRFC 10-311] analyzing module fsm_counter_top
INFO: [VRFC 10-2263] Analyzing Verilog file "C:/2025exp_accelerator/3_2_week/3_2_week.srcs/sources_1/new/fsm_ctrl.v" into library xil_defaultlib
INFO: [VRFC 10-311] analyzing module fsm_ctrl
INFO: [VRFC 10-2263] Analyzing Verilog file "C:/2025exp_accelerator/3_2_week/3_2_week.srcs/sources_1/new/ssd_ctrl.v" into library xil_defaultlib
INFO: [VRFC 10-311] analyzing module ssd_ctrl
INFO: [VRFC 10-2263] Analyzing Verilog file "C:/2025exp_accelerator/3_2_week/3_2_week.srcs/sim_1/new/tb_fsm_counter_top.v" into library xil_defaultlib
INFO: [VRFC 10-311] analyzing module tb_fsm_counter_top
INFO: [USF-XSim-69] 'compile' step finished in '3' seconds
INFO: [USF-XSim-3] XSim::Elaborate design
INFO: [USF-XSim-61] Executing 'ELABORATE' step in 'C:/2025exp_accelerator/3_2_week/3_2_week.sim/sim_1/behav/xsim'
"xelab -wto 69660327c155414281180636b33bd182 --incr --debug typical --relax --mt 2 -L xil_defaultlib -L unisims_ver -L unimacro_ver -L secureip --snapshot tb_fsm_counter_top_behav xil_defaultlib.tb_fsm_counter_top xil_defaultlib.glbl -log elaborate.log"
Vivado Simulator v2021.1
Copyright 1986-1999, 2001-2021 Xilinx, Inc. All Rights Reserved.
Running: C:/Xilinx/Vivado/2021.1/bin/unwrapped/win64.o/xelab.exe -wto 69660327c155414281180636b33bd182 --incr --debug typical --relax --mt 2 -L xil_defaultlib -L unisims_ver -L unimacro_ver -L secureip --snapshot tb_fsm_counter_top_behav xil_defaultlib.tb_fsm_counter_top xil_defaultlib.glbl -log elaborate.log 
Using 2 slave threads.
Starting static elaboration
Pass Through NonSizing Optimizer
Completed static elaboration
Starting simulation data flow analysis
Completed simulation data flow analysis
Time Resolution for simulation is 1ps
Compiling module xil_defaultlib.clk_divider
Compiling module xil_defaultlib.fsm_ctrl
Compiling module xil_defaultlib.ssd_ctrl
Compiling module xil_defaultlib.fsm_counter_top
Compiling module xil_defaultlib.tb_fsm_counter_top
Compiling module xil_defaultlib.glbl
Built simulation snapshot tb_fsm_counter_top_behav
INFO: [USF-XSim-69] 'elaborate' step finished in '4' seconds
INFO: [USF-XSim-4] XSim::Simulate design
INFO: [USF-XSim-61] Executing 'SIMULATE' step in 'C:/2025exp_accelerator/3_2_week/3_2_week.sim/sim_1/behav/xsim'
INFO: [USF-XSim-98] *** Running xsim
   with args "tb_fsm_counter_top_behav -key {Behavioral:sim_1:Functional:tb_fsm_counter_top} -tclbatch {tb_fsm_counter_top.tcl} -log {simulate.log}"
INFO: [USF-XSim-8] Loading simulator feature
Time resolution is 1 ps
source tb_fsm_counter_top.tcl
# set curr_wave [current_wave_config]
# if { [string length $curr_wave] == 0 } {
#   if { [llength [get_objects]] > 0} {
#     add_wave /
#     set_property needs_save false [current_wave_config]
#   } else {
#      send_msg_id Add_Wave-1 WARNING "No top level signals found. Simulator will start without a wave window. If you want to open a wave window go to 'File->New Waveform Configuration' or type 'create_wave_config' in the TCL console."
#   }
# }
# run 5000ns
INFO: [USF-XSim-96] XSim completed. Design snapshot 'tb_fsm_counter_top_behav' loaded.
INFO: [USF-XSim-97] XSim simulation ran for 5000ns
launch_simulation: Time (s): cpu = 00:00:05 ; elapsed = 00:00:11 . Memory (MB): peak = 1101.020 ; gain = 0.000
update_compile_order -fileset sources_1
close_sim
INFO: [Simtcl 6-16] Simulation closed
launch_simulation
Command: launch_simulation 
INFO: [Vivado 12-12493] Simulation top is 'tb_fsm_counter_top'
INFO: [Vivado 12-5682] Launching behavioral simulation in 'C:/2025exp_accelerator/3_2_week/3_2_week.sim/sim_1/behav/xsim'
INFO: [SIM-utils-51] Simulation object is 'sim_1'
INFO: [SIM-utils-72] Using boost library from 'C:/Xilinx/Vivado/2021.1/tps/boost_1_72_0'
INFO: [SIM-utils-54] Inspecting design source files for 'tb_fsm_counter_top' in fileset 'sim_1'...
INFO: [USF-XSim-97] Finding global include files...
INFO: [USF-XSim-98] Fetching design files from 'sim_1'...
INFO: [USF-XSim-2] XSim::Compile design
INFO: [USF-XSim-61] Executing 'COMPILE and ANALYZE' step in 'C:/2025exp_accelerator/3_2_week/3_2_week.sim/sim_1/behav/xsim'
"xvlog --incr --relax -prj tb_fsm_counter_top_vlog.prj"
INFO: [VRFC 10-2263] Analyzing Verilog file "C:/2025exp_accelerator/3_2_week/3_2_week.srcs/sources_1/new/clk_divider.v" into library xil_defaultlib
INFO: [VRFC 10-311] analyzing module clk_divider
INFO: [VRFC 10-2263] Analyzing Verilog file "C:/2025exp_accelerator/3_2_week/3_2_week.srcs/sources_1/new/fsm_counter_top.v" into library xil_defaultlib
INFO: [VRFC 10-311] analyzing module fsm_counter_top
INFO: [VRFC 10-2263] Analyzing Verilog file "C:/2025exp_accelerator/3_2_week/3_2_week.srcs/sources_1/new/fsm_ctrl.v" into library xil_defaultlib
INFO: [VRFC 10-311] analyzing module fsm_ctrl
INFO: [VRFC 10-2263] Analyzing Verilog file "C:/2025exp_accelerator/3_2_week/3_2_week.srcs/sources_1/new/ssd_ctrl.v" into library xil_defaultlib
INFO: [VRFC 10-311] analyzing module ssd_ctrl
INFO: [VRFC 10-2263] Analyzing Verilog file "C:/2025exp_accelerator/3_2_week/3_2_week.srcs/sim_1/new/tb_fsm_counter_top.v" into library xil_defaultlib
INFO: [VRFC 10-311] analyzing module tb_fsm_counter_top
INFO: [USF-XSim-69] 'compile' step finished in '2' seconds
INFO: [USF-XSim-3] XSim::Elaborate design
INFO: [USF-XSim-61] Executing 'ELABORATE' step in 'C:/2025exp_accelerator/3_2_week/3_2_week.sim/sim_1/behav/xsim'
"xelab -wto 69660327c155414281180636b33bd182 --incr --debug typical --relax --mt 2 -L xil_defaultlib -L unisims_ver -L unimacro_ver -L secureip --snapshot tb_fsm_counter_top_behav xil_defaultlib.tb_fsm_counter_top xil_defaultlib.glbl -log elaborate.log"
Vivado Simulator v2021.1
Copyright 1986-1999, 2001-2021 Xilinx, Inc. All Rights Reserved.
Running: C:/Xilinx/Vivado/2021.1/bin/unwrapped/win64.o/xelab.exe -wto 69660327c155414281180636b33bd182 --incr --debug typical --relax --mt 2 -L xil_defaultlib -L unisims_ver -L unimacro_ver -L secureip --snapshot tb_fsm_counter_top_behav xil_defaultlib.tb_fsm_counter_top xil_defaultlib.glbl -log elaborate.log 
Using 2 slave threads.
Starting static elaboration
Pass Through NonSizing Optimizer
Completed static elaboration
Starting simulation data flow analysis
Completed simulation data flow analysis
Time Resolution for simulation is 1ps
Compiling module xil_defaultlib.clk_divider
Compiling module xil_defaultlib.fsm_ctrl
Compiling module xil_defaultlib.ssd_ctrl
Compiling module xil_defaultlib.fsm_counter_top
Compiling module xil_defaultlib.tb_fsm_counter_top
Compiling module xil_defaultlib.glbl
Built simulation snapshot tb_fsm_counter_top_behav
INFO: [USF-XSim-69] 'elaborate' step finished in '5' seconds
INFO: [USF-XSim-4] XSim::Simulate design
INFO: [USF-XSim-61] Executing 'SIMULATE' step in 'C:/2025exp_accelerator/3_2_week/3_2_week.sim/sim_1/behav/xsim'
INFO: [USF-XSim-98] *** Running xsim
   with args "tb_fsm_counter_top_behav -key {Behavioral:sim_1:Functional:tb_fsm_counter_top} -tclbatch {tb_fsm_counter_top.tcl} -log {simulate.log}"
INFO: [USF-XSim-8] Loading simulator feature
Time resolution is 1 ps
source tb_fsm_counter_top.tcl
# set curr_wave [current_wave_config]
# if { [string length $curr_wave] == 0 } {
#   if { [llength [get_objects]] > 0} {
#     add_wave /
#     set_property needs_save false [current_wave_config]
#   } else {
#      send_msg_id Add_Wave-1 WARNING "No top level signals found. Simulator will start without a wave window. If you want to open a wave window go to 'File->New Waveform Configuration' or type 'create_wave_config' in the TCL console."
#   }
# }
# run 5000ns
INFO: [USF-XSim-96] XSim completed. Design snapshot 'tb_fsm_counter_top_behav' loaded.
INFO: [USF-XSim-97] XSim simulation ran for 5000ns
launch_simulation: Time (s): cpu = 00:00:06 ; elapsed = 00:00:11 . Memory (MB): peak = 1101.020 ; gain = 0.000
update_compile_order -fileset sources_1
update_compile_order -fileset sources_1
reset_run synth_1
WARNING: [Vivado 12-1017] Problems encountered:
1. Failed to delete one or more files in run directory C:/2025exp_accelerator/3_2_week/3_2_week.runs/synth_1

launch_runs impl_1 -to_step write_bitstream -jobs 8
[Thu Mar 20 17:44:53 2025] Launched synth_1...
Run output will be captured here: C:/2025exp_accelerator/3_2_week/3_2_week.runs/synth_1/runme.log
[Thu Mar 20 17:44:53 2025] Launched impl_1...
Run output will be captured here: C:/2025exp_accelerator/3_2_week/3_2_week.runs/impl_1/runme.log
close_sim
INFO: [Simtcl 6-16] Simulation closed
exit
INFO: [Common 17-206] Exiting Vivado at Thu Mar 20 18:03:38 2025...
