#-----------------------------------------------------------
# Vivado v2021.1 (64-bit)
# SW Build 3247384 on Thu Jun 10 19:36:33 MDT 2021
# IP Build 3246043 on Fri Jun 11 00:30:35 MDT 2021
# Start of session at: Wed Mar 19 13:04:23 2025
# Process ID: 32680
# Current directory: C:/2025exp_accelerator/3_2_50hz_week
# Command line: vivado.exe -gui_launcher_event rodinguilauncherevent32468 C:\2025exp_accelerator\3_2_50hz_week\3_2_50hz_week.xpr
# Log file: C:/2025exp_accelerator/3_2_50hz_week/vivado.log
# Journal file: C:/2025exp_accelerator/3_2_50hz_week\vivado.jou
#-----------------------------------------------------------
start_gui
open_project C:/2025exp_accelerator/3_2_50hz_week/3_2_50hz_week.xpr
update_compile_order -fileset sources_1
update_compile_order -fileset sources_1
update_compile_order -fileset sources_1
export_ip_user_files -of_objects  [get_files C:/2025exp_accelerator/3_2_50hz_week/3_2_50hz_week.srcs/sources_1/new/debouncer.v] -no_script -reset -force -quiet
remove_files  C:/2025exp_accelerator/3_2_50hz_week/3_2_50hz_week.srcs/sources_1/new/debouncer.v
launch_simulation
source tb_fsm_counter_top.tcl
close_sim
launch_simulation
source tb_fsm_counter_top.tcl
close_sim
launch_simulation
source tb_fsm_counter_top.tcl
close_sim
launch_simulation
source tb_fsm_counter_top.tcl
close [ open C:/2025exp_accelerator/3_2_50hz_week/3_2_50hz_week.srcs/sources_1/new/debouncer_active_low.v w ]
add_files C:/2025exp_accelerator/3_2_50hz_week/3_2_50hz_week.srcs/sources_1/new/debouncer_active_low.v
update_compile_order -fileset sources_1
export_ip_user_files -of_objects  [get_files C:/2025exp_accelerator/3_2_50hz_week/3_2_50hz_week.srcs/sources_1/new/debouncer_active_low.v] -no_script -reset -force -quiet
remove_files  C:/2025exp_accelerator/3_2_50hz_week/3_2_50hz_week.srcs/sources_1/new/debouncer_active_low.v
update_compile_order -fileset sources_1
update_compile_order -fileset sources_1
update_compile_order -fileset sources_1
launch_runs impl_1 -to_step write_bitstream -jobs 8
wait_on_run impl_1
update_compile_order -fileset sources_1
update_compile_order -fileset sources_1
close_sim
launch_simulation
source tb_fsm_counter_top.tcl
close_sim
launch_simulation
source tb_fsm_counter_top.tcl
update_compile_order -fileset sources_1
reset_run synth_1
launch_runs impl_1 -to_step write_bitstream -jobs 8
wait_on_run impl_1
open_hw_manager
connect_hw_server -allow_non_jtag
open_hw_target
set_property PROGRAM.FILE {C:/2025exp_accelerator/3_2_50hz_week/3_2_50hz_week.runs/impl_1/fsm_counter_top.bit} [get_hw_devices xc7s50_0]
current_hw_device [get_hw_devices xc7s50_0]
refresh_hw_device -update_hw_probes false [lindex [get_hw_devices xc7s50_0] 0]
set_property PROBES.FILE {} [get_hw_devices xc7s50_0]
set_property FULL_PROBES.FILE {} [get_hw_devices xc7s50_0]
set_property PROGRAM.FILE {C:/2025exp_accelerator/3_2_50hz_week/3_2_50hz_week.runs/impl_1/fsm_counter_top.bit} [get_hw_devices xc7s50_0]
program_hw_devices [get_hw_devices xc7s50_0]
refresh_hw_device [lindex [get_hw_devices xc7s50_0] 0]
close_sim
