Time resolution is 1 ps
/--------------------------------/
Hello EEE3551
Start Simulation for 74LS138 Decoder/Demux
/--------------------------------/
                   0 Change of I/O Signal : G2A = 1 G2B = 0 G1 = 1 C = 1 B = 1 A = 1 | Gate_Y = 11111111 Verilog_Y = 11111111
                  20 Change of I/O Signal : G2A = 0 G2B = 1 G1 = 1 C = 1 B = 1 A = 1 | Gate_Y = 11111111 Verilog_Y = 11111111
                  30 Change of I/O Signal : G2A = 0 G2B = 0 G1 = 0 C = 1 B = 1 A = 1 | Gate_Y = 11111111 Verilog_Y = 11111111
                  40 Change of I/O Signal : G2A = 0 G2B = 0 G1 = 1 C = 0 B = 0 A = 0 | Gate_Y = 11111110 Verilog_Y = 11111110
                  50 Change of I/O Signal : G2A = 0 G2B = 0 G1 = 1 C = 1 B = 0 A = 0 | Gate_Y = 11111101 Verilog_Y = 11111101
                  60 Change of I/O Signal : G2A = 0 G2B = 0 G1 = 1 C = 0 B = 1 A = 0 | Gate_Y = 11111011 Verilog_Y = 11111011
                  70 Change of I/O Signal : G2A = 0 G2B = 0 G1 = 1 C = 1 B = 1 A = 0 | Gate_Y = 11110111 Verilog_Y = 11110111
                  80 Change of I/O Signal : G2A = 0 G2B = 0 G1 = 1 C = 0 B = 0 A = 1 | Gate_Y = 11101111 Verilog_Y = 11101111
                  90 Change of I/O Signal : G2A = 0 G2B = 0 G1 = 1 C = 1 B = 0 A = 1 | Gate_Y = 11011111 Verilog_Y = 11011111
                 100 Change of I/O Signal : G2A = 0 G2B = 0 G1 = 1 C = 0 B = 1 A = 1 | Gate_Y = 10111111 Verilog_Y = 10111111
                 110 Change of I/O Signal : G2A = 0 G2B = 0 G1 = 1 C = 1 B = 1 A = 1 | Gate_Y = 01111111 Verilog_Y = 01111111
/--------------------------------/
This is the end of simulation
Good Luck
/--------------------------------/
$finish called at time : 210 ns : File "C:/2025exp_accelerator/2_week/tb_74LS138.v" Line 87
