#-----------------------------------------------------------
# Vivado v2021.1 (64-bit)
# SW Build 3247384 on Thu Jun 10 19:36:33 MDT 2021
# IP Build 3246043 on Fri Jun 11 00:30:35 MDT 2021
# Start of session at: Tue Mar 18 01:24:54 2025
# Process ID: 15264
# Current directory: C:/2025exp_accelerator/3_2_week
# Command line: vivado.exe -gui_launcher_event rodinguilauncherevent14508 C:\2025exp_accelerator\3_2_week\3_2_week.xpr
# Log file: C:/2025exp_accelerator/3_2_week/vivado.log
# Journal file: C:/2025exp_accelerator/3_2_week\vivado.jou
#-----------------------------------------------------------
start_gui
open_project C:/2025exp_accelerator/3_2_week/3_2_week.xpr
WARNING: [filemgmt 56-3] Default IP Output Path : Could not find the directory 'C:/2025exp_accelerator/3_2_week/3_2_week.gen/sources_1'.
Scanning sources...
Finished scanning sources
INFO: [IP_Flow 19-234] Refreshing IP repositories
INFO: [IP_Flow 19-1704] No user IP repositories specified
INFO: [IP_Flow 19-2313] Loaded Vivado IP repository 'C:/Xilinx/Vivado/2021.1/data/ip'.
open_project: Time (s): cpu = 00:00:15 ; elapsed = 00:00:07 . Memory (MB): peak = 1101.547 ; gain = 0.000
update_compile_order -fileset sources_1
update_compile_order -fileset sources_1
update_compile_order -fileset sources_1
update_compile_order -fileset sources_1
launch_runs impl_1 -to_step write_bitstream -jobs 8
[Tue Mar 18 01:26:24 2025] Launched synth_1...
Run output will be captured here: C:/2025exp_accelerator/3_2_week/3_2_week.runs/synth_1/runme.log
[Tue Mar 18 01:26:24 2025] Launched impl_1...
Run output will be captured here: C:/2025exp_accelerator/3_2_week/3_2_week.runs/impl_1/runme.log
reset_run synth_1
WARNING: [Vivado 12-1017] Problems encountered:
1. Failed to delete one or more files in run directory C:/2025exp_accelerator/3_2_week/3_2_week.runs/synth_1

launch_runs impl_1 -to_step write_bitstream -jobs 8
[Tue Mar 18 01:27:10 2025] Launched synth_1...
Run output will be captured here: C:/2025exp_accelerator/3_2_week/3_2_week.runs/synth_1/runme.log
[Tue Mar 18 01:27:10 2025] Launched impl_1...
Run output will be captured here: C:/2025exp_accelerator/3_2_week/3_2_week.runs/impl_1/runme.log
reset_run synth_1
launch_runs impl_1 -to_step write_bitstream -jobs 8
[Tue Mar 18 01:30:18 2025] Launched synth_1...
Run output will be captured here: C:/2025exp_accelerator/3_2_week/3_2_week.runs/synth_1/runme.log
[Tue Mar 18 01:30:18 2025] Launched impl_1...
Run output will be captured here: C:/2025exp_accelerator/3_2_week/3_2_week.runs/impl_1/runme.log
exit
INFO: [Common 17-206] Exiting Vivado at Tue Mar 18 01:32:13 2025...
